Archive member included to satisfy reference by file (symbol)

c:/program files (x86)/gnu arm embedded toolchain/10 2021.10/bin/../lib/gcc/arm-none-eabi/10.3.1/thumb/v7+fp/hard\libgcc.a(_aeabi_ldivmod.o)
                              ./rzn/fsp/src/r_sci_uart/r_sci_uart.o (__aeabi_ldivmod)
c:/program files (x86)/gnu arm embedded toolchain/10 2021.10/bin/../lib/gcc/arm-none-eabi/10.3.1/thumb/v7+fp/hard\libgcc.a(_aeabi_uldivmod.o)
                              ./rzn/fsp/src/bsp/mcu/all/bsp_delay.o (__aeabi_uldivmod)
c:/program files (x86)/gnu arm embedded toolchain/10 2021.10/bin/../lib/gcc/arm-none-eabi/10.3.1/thumb/v7+fp/hard\libgcc.a(_udivmoddi4.o)
                              c:/program files (x86)/gnu arm embedded toolchain/10 2021.10/bin/../lib/gcc/arm-none-eabi/10.3.1/thumb/v7+fp/hard\libgcc.a(_aeabi_ldivmod.o) (__udivmoddi4)
c:/program files (x86)/gnu arm embedded toolchain/10 2021.10/bin/../lib/gcc/arm-none-eabi/10.3.1/thumb/v7+fp/hard\libgcc.a(_dvmd_tls.o)
                              c:/program files (x86)/gnu arm embedded toolchain/10 2021.10/bin/../lib/gcc/arm-none-eabi/10.3.1/thumb/v7+fp/hard\libgcc.a(_aeabi_ldivmod.o) (__aeabi_ldiv0)
c:/program files (x86)/gnu arm embedded toolchain/10 2021.10/bin/../lib/gcc/arm-none-eabi/10.3.1/../../../../arm-none-eabi/lib/thumb/v7+fp/hard\libg_nano.a(lib_a-errno.o)
                              ./rzn/fsp/src/bsp/mcu/all/bsp_sbrk.o (__errno)
c:/program files (x86)/gnu arm embedded toolchain/10 2021.10/bin/../lib/gcc/arm-none-eabi/10.3.1/../../../../arm-none-eabi/lib/thumb/v7+fp/hard\libg_nano.a(lib_a-impure.o)
                              c:/program files (x86)/gnu arm embedded toolchain/10 2021.10/bin/../lib/gcc/arm-none-eabi/10.3.1/../../../../arm-none-eabi/lib/thumb/v7+fp/hard\libg_nano.a(lib_a-errno.o) (_impure_ptr)
c:/program files (x86)/gnu arm embedded toolchain/10 2021.10/bin/../lib/gcc/arm-none-eabi/10.3.1/../../../../arm-none-eabi/lib/thumb/v7+fp/hard\libg_nano.a(lib_a-malloc.o)
                              ./src/r_fw_up_rz/r_fw_up_buf.o (malloc)
c:/program files (x86)/gnu arm embedded toolchain/10 2021.10/bin/../lib/gcc/arm-none-eabi/10.3.1/../../../../arm-none-eabi/lib/thumb/v7+fp/hard\libg_nano.a(lib_a-memcmp.o)
                              ./src/r_fw_up_rz/r_fw_up_rz.o (memcmp)
c:/program files (x86)/gnu arm embedded toolchain/10 2021.10/bin/../lib/gcc/arm-none-eabi/10.3.1/../../../../arm-none-eabi/lib/thumb/v7+fp/hard\libg_nano.a(lib_a-memcpy-stub.o)
                              ./src/ethercat/renesas/samplefoe.o (memcpy)
c:/program files (x86)/gnu arm embedded toolchain/10 2021.10/bin/../lib/gcc/arm-none-eabi/10.3.1/../../../../arm-none-eabi/lib/thumb/v7+fp/hard\libg_nano.a(lib_a-memset.o)
                              ./src/r_fw_up_rz/r_fw_up_buf.o (memset)
c:/program files (x86)/gnu arm embedded toolchain/10 2021.10/bin/../lib/gcc/arm-none-eabi/10.3.1/../../../../arm-none-eabi/lib/thumb/v7+fp/hard\libg_nano.a(lib_a-nano-freer.o)
                              c:/program files (x86)/gnu arm embedded toolchain/10 2021.10/bin/../lib/gcc/arm-none-eabi/10.3.1/../../../../arm-none-eabi/lib/thumb/v7+fp/hard\libg_nano.a(lib_a-malloc.o) (_free_r)
c:/program files (x86)/gnu arm embedded toolchain/10 2021.10/bin/../lib/gcc/arm-none-eabi/10.3.1/../../../../arm-none-eabi/lib/thumb/v7+fp/hard\libg_nano.a(lib_a-nano-mallocr.o)
                              c:/program files (x86)/gnu arm embedded toolchain/10 2021.10/bin/../lib/gcc/arm-none-eabi/10.3.1/../../../../arm-none-eabi/lib/thumb/v7+fp/hard\libg_nano.a(lib_a-malloc.o) (_malloc_r)
c:/program files (x86)/gnu arm embedded toolchain/10 2021.10/bin/../lib/gcc/arm-none-eabi/10.3.1/../../../../arm-none-eabi/lib/thumb/v7+fp/hard\libg_nano.a(lib_a-sbrkr.o)
                              c:/program files (x86)/gnu arm embedded toolchain/10 2021.10/bin/../lib/gcc/arm-none-eabi/10.3.1/../../../../arm-none-eabi/lib/thumb/v7+fp/hard\libg_nano.a(lib_a-nano-mallocr.o) (_sbrk_r)
c:/program files (x86)/gnu arm embedded toolchain/10 2021.10/bin/../lib/gcc/arm-none-eabi/10.3.1/../../../../arm-none-eabi/lib/thumb/v7+fp/hard\libg_nano.a(lib_a-strlen.o)
                              ./src/ethercat/beckhoff/Src/objdef.o (strlen)
c:/program files (x86)/gnu arm embedded toolchain/10 2021.10/bin/../lib/gcc/arm-none-eabi/10.3.1/../../../../arm-none-eabi/lib/thumb/v7+fp/hard\libg_nano.a(lib_a-mlock.o)
                              c:/program files (x86)/gnu arm embedded toolchain/10 2021.10/bin/../lib/gcc/arm-none-eabi/10.3.1/../../../../arm-none-eabi/lib/thumb/v7+fp/hard\libg_nano.a(lib_a-nano-freer.o) (__malloc_lock)
c:/program files (x86)/gnu arm embedded toolchain/10 2021.10/bin/../lib/gcc/arm-none-eabi/10.3.1/../../../../arm-none-eabi/lib/thumb/v7+fp/hard\libg_nano.a(lib_a-reent.o)
                              c:/program files (x86)/gnu arm embedded toolchain/10 2021.10/bin/../lib/gcc/arm-none-eabi/10.3.1/../../../../arm-none-eabi/lib/thumb/v7+fp/hard\libg_nano.a(lib_a-sbrkr.o) (errno)
[...]
Memory Configuration

Name             Origin             Length             Attributes
ATCM             0x00000000         0x00020000
BTCM             0x00100000         0x00020000
SYSTEM_RAM       0x10000000         0x00180000
SYSTEM_RAM_MIRROR 0x30000000         0x00180000
xSPI0_CS0_SPACE_MIRROR 0x40000000         0x04000000
xSPI0_CS1_SPACE_MIRROR 0x44000000         0x04000000
xSPI1_CS0_SPACE_MIRROR 0x48000000         0x04000000
xSPI1_CS1_SPACE_MIRROR 0x4c000000         0x04000000
CS0_SPACE_MIRROR 0x50000000         0x04000000
CS2_SPACE_MIRROR 0x54000000         0x04000000
CS3_SPACE_MIRROR 0x58000000         0x04000000
CS5_SPACE_MIRROR 0x5c000000         0x04000000
xSPI0_CS0_SPACE  0x60000000         0x04000000
xSPI0_CS1_SPACE  0x64000000         0x04000000
xSPI1_CS0_SPACE  0x68000000         0x04000000
xSPI1_CS1_SPACE  0x6c000000         0x04000000
CS0_SPACE        0x70000000         0x04000000
CS2_SPACE        0x74000000         0x04000000
CS3_SPACE        0x78000000         0x04000000
CS5_SPACE        0x7c000000         0x04000000
*default*        0x00000000         0xffffffff

Linker script and memory map

START GROUP
LOAD ./src/r_fw_up_rz/r_fw_up_buf.o
LOAD ./src/r_fw_up_rz/r_fw_up_rz.o
LOAD ./src/ethercat/renesas/sampleappl.o
LOAD ./src/ethercat/renesas/samplefoe.o
LOAD ./src/ethercat/renesas/sampleios.o
LOAD ./src/ethercat/beckhoff/Src/bootmode.o
LOAD ./src/ethercat/beckhoff/Src/coeappl.o
LOAD ./src/ethercat/beckhoff/Src/ecatappl.o
LOAD ./src/ethercat/beckhoff/Src/ecatcoe.o
LOAD ./src/ethercat/beckhoff/Src/ecatfoe.o
LOAD ./src/ethercat/beckhoff/Src/ecatslv.o
LOAD ./src/ethercat/beckhoff/Src/foeappl.o
LOAD ./src/ethercat/beckhoff/Src/mailbox.o
LOAD ./src/ethercat/beckhoff/Src/objdef.o
LOAD ./src/ethercat/beckhoff/Src/sdoserv.o
LOAD ./src/hal_entry.o
LOAD ./rzn_gen/common_data.o
LOAD ./rzn_gen/hal_data.o
LOAD ./rzn_gen/main.o
LOAD ./rzn_gen/pin_data.o
LOAD ./rzn_gen/vector_data.o
LOAD ./rzn/fsp/src/rm_ethercat_ssc_port/rm_ethercat_ssc_port.o
LOAD ./rzn/fsp/src/r_xspi_qspi/r_xspi_qspi.o
LOAD ./rzn/fsp/src/r_sci_uart/r_sci_uart.o
LOAD ./rzn/fsp/src/r_ioport/r_ioport.o
LOAD ./rzn/fsp/src/r_ether_selector/r_ether_selector.o
LOAD ./rzn/fsp/src/r_ether_phy/r_ether_phy.o
LOAD ./rzn/fsp/src/r_cmt/r_cmt.o
LOAD ./rzn/fsp/src/bsp/mcu/rzn2l/bsp_cache.o
LOAD ./rzn/fsp/src/bsp/mcu/rzn2l/bsp_loader_param.o
LOAD ./rzn/fsp/src/bsp/mcu/rzn2l/bsp_loader_param2.o
LOAD ./rzn/fsp/src/bsp/mcu/all/bsp_clocks.o
LOAD ./rzn/fsp/src/bsp/mcu/all/bsp_common.o
LOAD ./rzn/fsp/src/bsp/mcu/all/bsp_delay.o
LOAD ./rzn/fsp/src/bsp/mcu/all/bsp_io.o
LOAD ./rzn/fsp/src/bsp/mcu/all/bsp_irq.o
LOAD ./rzn/fsp/src/bsp/mcu/all/bsp_register_protection.o
LOAD ./rzn/fsp/src/bsp/mcu/all/bsp_reset.o
LOAD ./rzn/fsp/src/bsp/mcu/all/bsp_sbrk.o
LOAD ./rzn/fsp/src/bsp/cmsis/Device/RENESAS/Source/startup.o
LOAD ./rzn/fsp/src/bsp/cmsis/Device/RENESAS/Source/system.o
LOAD ./rzn/board/rzn2l_rsk/board_init.o
LOAD ./rzn/board/rzn2l_rsk/board_leds.o
END GROUP
START GROUP
END GROUP
START GROUP
LOAD c:/program files (x86)/gnu arm embedded toolchain/10 2021.10/bin/../lib/gcc/arm-none-eabi/10.3.1/thumb/v7+fp/hard\libgcc.a
LOAD c:/program files (x86)/gnu arm embedded toolchain/10 2021.10/bin/../lib/gcc/arm-none-eabi/10.3.1/../../../../arm-none-eabi/lib/thumb/v7+fp/hard\libg_nano.a
LOAD c:/program files (x86)/gnu arm embedded toolchain/10 2021.10/bin/../lib/gcc/arm-none-eabi/10.3.1/../../../../arm-none-eabi/lib/thumb/v7+fp/hard\libc_nano.a
END GROUP
START GROUP
LOAD c:/program files (x86)/gnu arm embedded toolchain/10 2021.10/bin/../lib/gcc/arm-none-eabi/10.3.1/thumb/v7+fp/hard\libgcc.a
LOAD c:/program files (x86)/gnu arm embedded toolchain/10 2021.10/bin/../lib/gcc/arm-none-eabi/10.3.1/../../../../arm-none-eabi/lib/thumb/v7+fp/hard\libc_nano.a
LOAD c:/program files (x86)/gnu arm embedded toolchain/10 2021.10/bin/../lib/gcc/arm-none-eabi/10.3.1/../../../../arm-none-eabi/lib/thumb/v7+fp/hard\librdimon_nano.a
END GROUP
START GROUP
LOAD c:/program files (x86)/gnu arm embedded toolchain/10 2021.10/bin/../lib/gcc/arm-none-eabi/10.3.1/thumb/v7+fp/hard\libgcc.a
LOAD c:/program files (x86)/gnu arm embedded toolchain/10 2021.10/bin/../lib/gcc/arm-none-eabi/10.3.1/../../../../arm-none-eabi/lib/thumb/v7+fp/hard\libc_nano.a
LOAD c:/program files (x86)/gnu arm embedded toolchain/10 2021.10/bin/../lib/gcc/arm-none-eabi/10.3.1/../../../../arm-none-eabi/lib/thumb/v7+fp/hard\librdimon_nano.a
END GROUP

.loader_param   0x60000000       0x4c
 *(.loader_param)
 .loader_param  0x60000000       0x4c ./rzn/fsp/src/bsp/mcu/rzn2l/bsp_loader_param.o
                0x60000000                g_bsp_loader_param

.loader_param2  0x60100000       0x5c
 *(.loader_param2)
 .loader_param2
                0x60100000       0x4c ./rzn/fsp/src/bsp/mcu/rzn2l/bsp_loader_param2.o
                0x60100000                g_bsp_loader_param2
 *(.identify)
 .identify      0x6010004c       0x10 ./src/ethercat/beckhoff/Src/bootmode.o
                0x6010004c                g_identify

.flash_contents
                0x6010005c     0xd7ac
                0x6010005c                _mloader_text = .
                0x6010165c                . = (. + (_loader_text_end - _loader_text_start))
 *fill*         0x6010005c     0x1600 
                0x6010165c                _mloader_data = .
                0x6010236c                . = (. + (_loader_data_end - _loader_data_start))
 *fill*         0x6010165c      0xd10 
                0x6010236c                _mfvector = .
                0x601023ac                . = (. + (_fvector_end - _fvector_start))
 *fill*         0x6010236c       0x40 
                0x601023ac                _mtext = .
                0x6010bd8c                . = (. + (_text_end - _text_start))
 *fill*         0x601023ac     0x99e0 
                0x6010bd8c                _mdata = .
                0x6010d808                . = (. + (_data_end - _data_start))
 *fill*         0x6010bd8c     0x1a7c 
                0x6010d808                flash_contents_end = .

.loader_text    0x00102000     0x1600 load address 0x6010005c
                0x00102000                _loader_text_start = .
 *(.loader_text)
 .loader_text   0x00102000       0x5c ./rzn/fsp/src/bsp/cmsis/Device/RENESAS/Source/startup.o
                0x00102000                system_init
 */fsp/src/bsp/cmsis/Device/RENESAS/Source/*.o(.text*)
 .text.Default_Handler
                0x0010205c        0x4 ./rzn/fsp/src/bsp/cmsis/Device/RENESAS/Source/startup.o
                0x0010205c                Abort_Handler
                0x0010205c                Reset_Handler
                0x0010205c                Default_Handler
                0x0010205c                Prefetch_Handler
                0x0010205c                Reserved_Handler
                0x0010205c                SVC_Handler
                0x0010205c                FIQ_Handler
                0x0010205c                Undefined_Handler
 .text.stack_init
                0x00102060       0xe8 ./rzn/fsp/src/bsp/cmsis/Device/RENESAS/Source/startup.o
                0x00102060                stack_init
 .text.mpu_cache_init
                0x00102148      0x278 ./rzn/fsp/src/bsp/cmsis/Device/RENESAS/Source/startup.o
                0x00102148                mpu_cache_init
 .text.bsp_mpu_init
                0x001023c0       0x1c ./rzn/fsp/src/bsp/cmsis/Device/RENESAS/Source/startup.o
                0x001023c0                bsp_mpu_init
 .text.IRQ_Handler
                0x001023dc       0x78 ./rzn/fsp/src/bsp/cmsis/Device/RENESAS/Source/startup.o
                0x001023dc                IRQ_Handler
 .text.bsp_m_mpu_init
                0x00102454      0x152 ./rzn/fsp/src/bsp/cmsis/Device/RENESAS/Source/system.o
                0x00102454                bsp_m_mpu_init
 .text.bsp_global_system_counter_init
                0x001025a6       0x28 ./rzn/fsp/src/bsp/cmsis/Device/RENESAS/Source/system.o
                0x001025a6                bsp_global_system_counter_init
 *fill*         0x001025ce        0x2 
 .text.bsp_copy_to_atcm
                0x001025d0       0x8c ./rzn/fsp/src/bsp/cmsis/Device/RENESAS/Source/system.o
                0x001025d0                bsp_copy_to_atcm
 .text.bsp_application_bss_init
                0x0010265c       0x70 ./rzn/fsp/src/bsp/cmsis/Device/RENESAS/Source/system.o
                0x0010265c                bsp_application_bss_init
 .text.bsp_tfu_init
                0x001026cc       0x44 ./rzn/fsp/src/bsp/cmsis/Device/RENESAS/Source/system.o
                0x001026cc                bsp_tfu_init
 .text.bsp_static_constructor_init
                0x00102710       0x5c ./rzn/fsp/src/bsp/cmsis/Device/RENESAS/Source/system.o
                0x00102710                bsp_static_constructor_init
 */fsp/src/bsp/mcu/all/bsp_clocks.o(.text*)
 .text.SystemCoreClockUpdate
                0x0010276c       0x44 ./rzn/fsp/src/bsp/mcu/all/bsp_clocks.o
                0x0010276c                SystemCoreClockUpdate
 .text.bsp_prv_clock_set_hard_reset
                0x001027b0       0x6e ./rzn/fsp/src/bsp/mcu/all/bsp_clocks.o
 .text.bsp_clock_init
                0x0010281e      0x1f0 ./rzn/fsp/src/bsp/mcu/all/bsp_clocks.o
                0x0010281e                bsp_clock_init
 */fsp/src/bsp/mcu/all/bsp_irq.o(.text*)
 .text.bsp_irq_cfg
                0x00102a0e       0x5e ./rzn/fsp/src/bsp/mcu/all/bsp_irq.o
                0x00102a0e                bsp_irq_cfg
 .text.bsp_common_interrupt_handler
                0x00102a6c       0x78 ./rzn/fsp/src/bsp/mcu/all/bsp_irq.o
                0x00102a6c                bsp_common_interrupt_handler
 */fsp/src/bsp/mcu/all/bsp_register_protection.o(.text*)
 .text.R_BSP_RegisterProtectEnable
                0x00102ae4       0x74 ./rzn/fsp/src/bsp/mcu/all/bsp_register_protection.o
                0x00102ae4                R_BSP_RegisterProtectEnable
 .text.R_BSP_RegisterProtectDisable
                0x00102b58       0x64 ./rzn/fsp/src/bsp/mcu/all/bsp_register_protection.o
                0x00102b58                R_BSP_RegisterProtectDisable
 */fsp/src/r_ioport/r_ioport.o(.text*)
 .text.R_IOPORT_Close
                0x00102bbc        0x8 ./rzn/fsp/src/r_ioport/r_ioport.o
                0x00102bbc                R_IOPORT_Close
 .text.R_IOPORT_PinRead
                0x00102bc4       0x48 ./rzn/fsp/src/r_ioport/r_ioport.o
                0x00102bc4                R_IOPORT_PinRead
 .text.R_IOPORT_PortRead
                0x00102c0c       0x38 ./rzn/fsp/src/r_ioport/r_ioport.o
                0x00102c0c                R_IOPORT_PortRead
 .text.R_IOPORT_PortWrite
                0x00102c44       0x4e ./rzn/fsp/src/r_ioport/r_ioport.o
                0x00102c44                R_IOPORT_PortWrite
 .text.R_IOPORT_PinWrite
                0x00102c92       0x50 ./rzn/fsp/src/r_ioport/r_ioport.o
                0x00102c92                R_IOPORT_PinWrite
 .text.R_IOPORT_PortDirectionSet
                0x00102ce2       0x6e ./rzn/fsp/src/r_ioport/r_ioport.o
                0x00102ce2                R_IOPORT_PortDirectionSet
 .text.R_IOPORT_PortEventInputRead
                0x00102d50       0x3a ./rzn/fsp/src/r_ioport/r_ioport.o
                0x00102d50                R_IOPORT_PortEventInputRead
 .text.R_IOPORT_PinEventInputRead
                0x00102d8a       0x4a ./rzn/fsp/src/r_ioport/r_ioport.o
                0x00102d8a                R_IOPORT_PinEventInputRead
 .text.R_IOPORT_VersionGet
                0x00102dd4       0x10 ./rzn/fsp/src/r_ioport/r_ioport.o
                0x00102dd4                R_IOPORT_VersionGet
 .text.r_ioport_pin_set
                0x00102de4      0x178 ./rzn/fsp/src/r_ioport/r_ioport.o
 .text.r_ioport_event_config
                0x00102f5c      0x20a ./rzn/fsp/src/r_ioport/r_ioport.o
 .text.R_IOPORT_PinCfg
                0x00103166       0xbc ./rzn/fsp/src/r_ioport/r_ioport.o
                0x00103166                R_IOPORT_PinCfg
 .text.R_IOPORT_PortEventOutputWrite
                0x00103222       0xee ./rzn/fsp/src/r_ioport/r_ioport.o
                0x00103222                R_IOPORT_PortEventOutputWrite
 .text.r_ioport_pins_config
                0x00103310       0xd4 ./rzn/fsp/src/r_ioport/r_ioport.o
 .text.R_IOPORT_PinsCfg
                0x001033e4        0xc ./rzn/fsp/src/r_ioport/r_ioport.o
                0x001033e4                R_IOPORT_PinsCfg
 .text.R_IOPORT_Open
                0x001033f0       0x20 ./rzn/fsp/src/r_ioport/r_ioport.o
                0x001033f0                R_IOPORT_Open
 .text.R_IOPORT_PinEventOutputWrite
                0x00103410      0x110 ./rzn/fsp/src/r_ioport/r_ioport.o
                0x00103410                R_IOPORT_PinEventOutputWrite
 *(.warm_start)
                0x00103600                . = (. + (0x200 - ((. - _loader_text_start) % 0x200)))
 *fill*         0x00103520       0xe0 
                0x00103600                _loader_text_end = .

.loader_data    0x00103600      0xd10 load address 0x6010165c
                0x00103600                _loader_data_start = .
                0x00103600                __loader_data_start = .
 */fsp/src/bsp/cmsis/Device/RENESAS/Source/*.o(.data*)
 */fsp/src/bsp/mcu/all/bsp_clocks.o(.data*)
 */fsp/src/bsp/mcu/all/bsp_irq.o(.data*)
 */fsp/src/bsp/mcu/all/bsp_register_protection.o(.data*)
 */fsp/src/r_ioport/r_ioport.o(.data*)
                0x00103600                __loader_data_end = .
                0x00103600                __loader_bss_start = .
 */fsp/src/bsp/cmsis/Device/RENESAS/Source/*.o(.bss*)
 .bss.SystemCoreClock
                0x00103600        0x4 ./rzn/fsp/src/bsp/cmsis/Device/RENESAS/Source/system.o
                0x00103600                SystemCoreClock
 .bss.g_sgi_ppi_vector_table
                0x00103604       0x80 ./rzn/fsp/src/bsp/cmsis/Device/RENESAS/Source/system.o
                0x00103604                g_sgi_ppi_vector_table
 .bss.m_mpu0_endadd_cfg
                0x00103684       0x20 ./rzn/fsp/src/bsp/cmsis/Device/RENESAS/Source/system.o
                0x00103684                m_mpu0_endadd_cfg
 .bss.m_mpu0_stadd_cfg
                0x001036a4       0x20 ./rzn/fsp/src/bsp/cmsis/Device/RENESAS/Source/system.o
                0x001036a4                m_mpu0_stadd_cfg
 .bss.m_mpu1_endadd_cfg
                0x001036c4       0x20 ./rzn/fsp/src/bsp/cmsis/Device/RENESAS/Source/system.o
                0x001036c4                m_mpu1_endadd_cfg
 .bss.m_mpu1_stadd_cfg
                0x001036e4       0x20 ./rzn/fsp/src/bsp/cmsis/Device/RENESAS/Source/system.o
                0x001036e4                m_mpu1_stadd_cfg
 .bss.m_mpu2_endadd_cfg
                0x00103704       0x20 ./rzn/fsp/src/bsp/cmsis/Device/RENESAS/Source/system.o
                0x00103704                m_mpu2_endadd_cfg
 .bss.m_mpu2_stadd_cfg
                0x00103724       0x20 ./rzn/fsp/src/bsp/cmsis/Device/RENESAS/Source/system.o
                0x00103724                m_mpu2_stadd_cfg
 .bss.m_mpu3_endadd_cfg
                0x00103744       0x20 ./rzn/fsp/src/bsp/cmsis/Device/RENESAS/Source/system.o
                0x00103744                m_mpu3_endadd_cfg
 .bss.m_mpu3_stadd_cfg
                0x00103764       0x20 ./rzn/fsp/src/bsp/cmsis/Device/RENESAS/Source/system.o
                0x00103764                m_mpu3_stadd_cfg
 .bss.m_mpu4_endadd_cfg
                0x00103784       0x20 ./rzn/fsp/src/bsp/cmsis/Device/RENESAS/Source/system.o
                0x00103784                m_mpu4_endadd_cfg
 .bss.m_mpu4_stadd_cfg
                0x001037a4       0x20 ./rzn/fsp/src/bsp/cmsis/Device/RENESAS/Source/system.o
                0x001037a4                m_mpu4_stadd_cfg
 .bss.m_mpu6_endadd_cfg
                0x001037c4       0x20 ./rzn/fsp/src/bsp/cmsis/Device/RENESAS/Source/system.o
                0x001037c4                m_mpu6_endadd_cfg
 .bss.m_mpu6_stadd_cfg
                0x001037e4       0x20 ./rzn/fsp/src/bsp/cmsis/Device/RENESAS/Source/system.o
                0x001037e4                m_mpu6_stadd_cfg
 .bss.m_mpu7_endadd_cfg
                0x00103804       0x20 ./rzn/fsp/src/bsp/cmsis/Device/RENESAS/Source/system.o
                0x00103804                m_mpu7_endadd_cfg
 .bss.m_mpu7_stadd_cfg
                0x00103824       0x20 ./rzn/fsp/src/bsp/cmsis/Device/RENESAS/Source/system.o
                0x00103824                m_mpu7_stadd_cfg
 .bss.m_mpu8_endadd_cfg
                0x00103844       0x20 ./rzn/fsp/src/bsp/cmsis/Device/RENESAS/Source/system.o
                0x00103844                m_mpu8_endadd_cfg
 .bss.m_mpu8_stadd_cfg
                0x00103864       0x20 ./rzn/fsp/src/bsp/cmsis/Device/RENESAS/Source/system.o
                0x00103864                m_mpu8_stadd_cfg
 */fsp/src/bsp/mcu/all/bsp_clocks.o(.bss*)
 */fsp/src/bsp/mcu/all/bsp_irq.o(.bss*)
 .bss.g_current_interrupt_num
                0x00103884       0x40 ./rzn/fsp/src/bsp/mcu/all/bsp_irq.o
                0x00103884                g_current_interrupt_num
 .bss.g_current_interrupt_pointer
                0x001038c4        0x1 ./rzn/fsp/src/bsp/mcu/all/bsp_irq.o
                0x001038c4                g_current_interrupt_pointer
 *fill*         0x001038c5        0x3 
 .bss.gp_renesas_isr_context
                0x001038c8      0xa40 ./rzn/fsp/src/bsp/mcu/all/bsp_irq.o
                0x001038c8                gp_renesas_isr_context
 */fsp/src/bsp/mcu/all/bsp_register_protection.o(.bss*)
 .bss.g_protect_counters
                0x00104308        0x8 ./rzn/fsp/src/bsp/mcu/all/bsp_register_protection.o
 */fsp/src/r_ioport/r_ioport.o(.bss*)
 */fsp/src/bsp/cmsis/Device/RENESAS/Source/*.o(COMMON)
 */fsp/src/bsp/mcu/all/bsp_clocks.o(COMMON)
 */fsp/src/bsp/mcu/all/bsp_irq.o(COMMON)
 */fsp/src/bsp/mcu/all/bsp_register_protection.o(.COMMON)
 */fsp/src/r_ioport/r_ioport.o(.COMMON)
                0x00104310                __loader_bss_end = .
                0x00104310                _loader_data_end = .

.intvec         0x00000000       0x40 load address 0x6010236c
                0x00000000                _fvector_start = .
 *(.intvec)
 .intvec        0x00000000       0x40 ./rzn/fsp/src/bsp/cmsis/Device/RENESAS/Source/startup.o
                0x00000000                __Vectors
                0x00000040                _fvector_end = .

.text           0x30000000     0x99d8 load address 0x601023ac
                0x30000000                _text_start = .
 *(.text*)
 .text.fw_up_ascii_to_hexbyte
                0x30000000       0x82 ./src/r_fw_up_rz/r_fw_up_buf.o
 .text.fw_up_buf_init
                0x30000082      0x138 ./src/r_fw_up_rz/r_fw_up_buf.o
                0x30000082                fw_up_buf_init
 .text.fw_up_memory_init
                0x300001ba       0x3a ./src/r_fw_up_rz/r_fw_up_buf.o
                0x300001ba                fw_up_memory_init
 .text.fw_up_put_mot_s
                0x300001f4      0x366 ./src/r_fw_up_rz/r_fw_up_buf.o
                0x300001f4                fw_up_put_mot_s
 .text.fw_up_get_binary
                0x3000055a      0x16c ./src/r_fw_up_rz/r_fw_up_buf.o
                0x3000055a                fw_up_get_binary
 .text.qspi_set_Quad_Mode_enable
                0x300006c6       0xd6 ./src/r_fw_up_rz/r_fw_up_rz.o
 .text.qspi_set_Quad_Mode_disable
                0x3000079c       0x7c ./src/r_fw_up_rz/r_fw_up_rz.o
 .text.fw_up_put_data
                0x30000818       0x42 ./src/r_fw_up_rz/r_fw_up_rz.o
 .text.fw_up_get_data
                0x3000085a       0x1e ./src/r_fw_up_rz/r_fw_up_rz.o
 .text.fw_up_check_erase_sector
                0x30000878       0x34 ./src/r_fw_up_rz/r_fw_up_rz.o
 .text.write_firmware
                0x300008ac       0x8e ./src/r_fw_up_rz/r_fw_up_rz.o
 .text.fw_up_open
                0x3000093a       0x2e ./src/r_fw_up_rz/r_fw_up_rz.o
                0x3000093a                fw_up_open
 .text.fw_up_close
                0x30000968       0x28 ./src/r_fw_up_rz/r_fw_up_rz.o
                0x30000968                fw_up_close
 .text.fw_up_check_addr_value
                0x30000990       0x20 ./src/r_fw_up_rz/r_fw_up_rz.o
                0x30000990                fw_up_check_addr_value
 .text.analyze_and_write_data
                0x300009b0       0x7c ./src/r_fw_up_rz/r_fw_up_rz.o
                0x300009b0                analyze_and_write_data
 .text.APPL_AckErrorInd
                0x30000a2c        0x2 ./src/ethercat/renesas/sampleappl.o
                0x30000a2c                APPL_AckErrorInd
 .text.APPL_StartMailboxHandler
                0x30000a2e        0x4 ./src/ethercat/renesas/sampleappl.o
                0x30000a2e                APPL_StartMailboxHandler
 .text.APPL_StopMailboxHandler
                0x30000a32        0x4 ./src/ethercat/renesas/sampleappl.o
                0x30000a32                APPL_StopMailboxHandler
 .text.APPL_StartInputHandler
                0x30000a36        0x4 ./src/ethercat/renesas/sampleappl.o
                0x30000a36                APPL_StartInputHandler
 .text.APPL_StopInputHandler
                0x30000a3a        0x4 ./src/ethercat/renesas/sampleappl.o
                0x30000a3a                APPL_StopInputHandler
 .text.APPL_StartOutputHandler
                0x30000a3e        0x4 ./src/ethercat/renesas/sampleappl.o
                0x30000a3e                APPL_StartOutputHandler
 .text.APPL_StopOutputHandler
                0x30000a42        0x4 ./src/ethercat/renesas/sampleappl.o
                0x30000a42                APPL_StopOutputHandler
 .text.APPL_GenerateMapping
                0x30000a46       0xfc ./src/ethercat/renesas/sampleappl.o
                0x30000a46                APPL_GenerateMapping
 .text.APPL_InputMapping
                0x30000b42        0xe ./src/ethercat/renesas/sampleappl.o
                0x30000b42                APPL_InputMapping
 .text.APPL_OutputMapping
                0x30000b50        0xe ./src/ethercat/renesas/sampleappl.o
                0x30000b50                APPL_OutputMapping
 .text.APPL_SetLed
                0x30000b5e      0x30e ./src/ethercat/renesas/sampleappl.o
                0x30000b5e                APPL_SetLed
 .text.APPL_GetDipSw
                0x30000e6c      0x230 ./src/ethercat/renesas/sampleappl.o
                0x30000e6c                APPL_GetDipSw
 .text.APPL_Application
                0x3000109c       0x24 ./src/ethercat/renesas/sampleappl.o
                0x3000109c                APPL_Application
 .text.APPL_GetDeviceID
                0x300010c0        0x8 ./src/ethercat/renesas/sampleappl.o
                0x300010c0                APPL_GetDeviceID
 .text.FoE_Read
                0x300010c8       0x88 ./src/ethercat/renesas/samplefoe.o
                0x300010c8                FoE_Read
 .text.FoE_ReadData
                0x30001150       0x3e ./src/ethercat/renesas/samplefoe.o
                0x30001150                FoE_ReadData
 .text.FoE_WriteData
                0x3000118e       0x6e ./src/ethercat/renesas/samplefoe.o
                0x3000118e                FoE_WriteData
 .text.FoE_Write
                0x300011fc       0x9e ./src/ethercat/renesas/samplefoe.o
                0x300011fc                FoE_Write
 .text.BL_SectorIsErased
                0x3000129a       0x14 ./src/ethercat/beckhoff/Src/bootmode.o
 .text.BL_Start
                0x300012ae        0x2 ./src/ethercat/beckhoff/Src/bootmode.o
                0x300012ae                BL_Start
 .text.BL_Stop  0x300012b0        0x2 ./src/ethercat/beckhoff/Src/bootmode.o
                0x300012b0                BL_Stop
 .text.BL_StartDownload
                0x300012b2       0x44 ./src/ethercat/beckhoff/Src/bootmode.o
                0x300012b2                BL_StartDownload
 .text.BL_SetRebootFlag
                0x300012f6        0xc ./src/ethercat/beckhoff/Src/bootmode.o
                0x300012f6                BL_SetRebootFlag
 *fill*         0x30001302        0x2 
 .text.BL_Data  0x30001304      0x214 ./src/ethercat/beckhoff/Src/bootmode.o
                0x30001304                BL_Data
 .text.BL_CheckRebootFlag
                0x30001518        0xc ./src/ethercat/beckhoff/Src/bootmode.o
                0x30001518                BL_CheckRebootFlag
 .text.BL_Reboot
                0x30001524        0xe ./src/ethercat/beckhoff/Src/bootmode.o
                0x30001524                BL_Reboot
 .text.BL_IsSectorErased
                0x30001532       0x1a ./src/ethercat/beckhoff/Src/bootmode.o
                0x30001532                BL_IsSectorErased
 .text.BL_EraseSector
                0x3000154c       0x6e ./src/ethercat/beckhoff/Src/bootmode.o
                0x3000154c                BL_EraseSector
 .text.COE_SyncTimeStamp
                0x300015ba       0x76 ./src/ethercat/beckhoff/Src/coeappl.o
                0x300015ba                COE_SyncTimeStamp
 .text.Read0x10F8
                0x30001630       0x44 ./src/ethercat/beckhoff/Src/coeappl.o
                0x30001630                Read0x10F8
 .text.COE_GetObjectDictionary
                0x30001674        0xc ./src/ethercat/beckhoff/Src/coeappl.o
                0x30001674                COE_GetObjectDictionary
 .text.COE_UpdateSyncErrorStatus
                0x30001680       0x86 ./src/ethercat/beckhoff/Src/coeappl.o
                0x30001680                COE_UpdateSyncErrorStatus
 .text.COE_AddObjectToDic
                0x30001706       0x82 ./src/ethercat/beckhoff/Src/coeappl.o
                0x30001706                COE_AddObjectToDic
 .text.COE_RemoveDicEntry
                0x30001788       0x48 ./src/ethercat/beckhoff/Src/coeappl.o
                0x30001788                COE_RemoveDicEntry
 .text.COE_ClearObjDictionary
                0x300017d0       0x28 ./src/ethercat/beckhoff/Src/coeappl.o
                0x300017d0                COE_ClearObjDictionary
 .text.AddObjectsToObjDictionary
                0x300017f8       0x24 ./src/ethercat/beckhoff/Src/coeappl.o
                0x300017f8                AddObjectsToObjDictionary
 .text.COE_ObjDictionaryInit
                0x3000181c       0x2c ./src/ethercat/beckhoff/Src/coeappl.o
                0x3000181c                COE_ObjDictionaryInit
 .text.COE_ObjInit
                0x30001848      0x10c ./src/ethercat/beckhoff/Src/coeappl.o
                0x30001848                COE_ObjInit
 .text.COE_Main
                0x30001954       0xfa ./src/ethercat/beckhoff/Src/coeappl.o
                0x30001954                COE_Main
 .text.GetSystemTimeDelay
                0x30001a4e       0x36 ./src/ethercat/beckhoff/Src/ecatappl.o
                0x30001a4e                GetSystemTimeDelay
 .text.PDO_InputMapping
                0x30001a84       0xa2 ./src/ethercat/beckhoff/Src/ecatappl.o
                0x30001a84                PDO_InputMapping
 .text.HandleCycleTimeMeasurement
                0x30001b26       0x6e ./src/ethercat/beckhoff/Src/ecatappl.o
                0x30001b26                HandleCycleTimeMeasurement
 .text.PDO_OutputMapping
                0x30001b94       0xc8 ./src/ethercat/beckhoff/Src/ecatappl.o
                0x30001b94                PDO_OutputMapping
 .text.Sync1_Isr
                0x30001c5c       0x5a ./src/ethercat/beckhoff/Src/ecatappl.o
                0x30001c5c                Sync1_Isr
 .text.ECAT_SetLedIndication
                0x30001cb6      0x2ce ./src/ethercat/beckhoff/Src/ecatappl.o
                0x30001cb6                ECAT_SetLedIndication
 .text.ECAT_CheckTimer
                0x30001f84       0x92 ./src/ethercat/beckhoff/Src/ecatappl.o
                0x30001f84                ECAT_CheckTimer
 .text.MainInit
                0x30002016      0x106 ./src/ethercat/beckhoff/Src/ecatappl.o
                0x30002016                MainInit
 .text.ECAT_Application
                0x3000211c       0x3a ./src/ethercat/beckhoff/Src/ecatappl.o
                0x3000211c                ECAT_Application
 .text.Sync0_Isr
                0x30002156      0x19a ./src/ethercat/beckhoff/Src/ecatappl.o
                0x30002156                Sync0_Isr
 .text.PDI_Isr  0x300022f0      0x1ac ./src/ethercat/beckhoff/Src/ecatappl.o
                0x300022f0                PDI_Isr
 .text.MainLoop
                0x3000249c       0xfe ./src/ethercat/beckhoff/Src/ecatappl.o
                0x3000249c                MainLoop
 .text.ESC_EepromAccess
                0x3000259a      0x17c ./src/ethercat/beckhoff/Src/ecatappl.o
                0x3000259a                ESC_EepromAccess
 .text.COE_Init
                0x30002716       0x18 ./src/ethercat/beckhoff/Src/ecatcoe.o
                0x30002716                COE_Init
 .text.COE_ServiceInd
                0x3000272e       0x2c ./src/ethercat/beckhoff/Src/ecatcoe.o
                0x3000272e                COE_ServiceInd
 .text.COE_ContinueInd
                0x3000275a       0x5e ./src/ethercat/beckhoff/Src/ecatcoe.o
                0x3000275a                COE_ContinueInd
 .text.FOE_Init
                0x300027b8       0x22 ./src/ethercat/beckhoff/Src/ecatfoe.o
                0x300027b8                FOE_Init
 .text.FOE_ServiceInd
                0x300027da      0x38a ./src/ethercat/beckhoff/Src/ecatfoe.o
                0x300027da                FOE_ServiceInd
 .text.FOE_ContinueInd
                0x30002b64       0x24 ./src/ethercat/beckhoff/Src/ecatfoe.o
                0x30002b64                FOE_ContinueInd
 .text.ResetALEventMask
                0x30002b88       0x22 ./src/ethercat/beckhoff/Src/ecatslv.o
                0x30002b88                ResetALEventMask
 .text.SetALEventMask
                0x30002baa       0x22 ./src/ethercat/beckhoff/Src/ecatslv.o
                0x30002baa                SetALEventMask
 .text.UpdateEEPROMLoadedState
                0x30002bcc       0x36 ./src/ethercat/beckhoff/Src/ecatslv.o
                0x30002bcc                UpdateEEPROMLoadedState
 .text.GetSyncMan
                0x30002c02       0x2a ./src/ethercat/beckhoff/Src/ecatslv.o
                0x30002c02                GetSyncMan
 .text.DisableSyncManChannel
                0x30002c2c       0x3c ./src/ethercat/beckhoff/Src/ecatslv.o
                0x30002c2c                DisableSyncManChannel
 .text.EnableSyncManChannel
                0x30002c68       0x3c ./src/ethercat/beckhoff/Src/ecatslv.o
                0x30002c68                EnableSyncManChannel
 .text.CheckSmSettings
                0x30002ca4      0x2a0 ./src/ethercat/beckhoff/Src/ecatslv.o
                0x30002ca4                CheckSmSettings
 .text.StartInputHandler
                0x30002f44      0x69a ./src/ethercat/beckhoff/Src/ecatslv.o
                0x30002f44                StartInputHandler
 .text.StartOutputHandler
                0x300035de       0x6e ./src/ethercat/beckhoff/Src/ecatslv.o
                0x300035de                StartOutputHandler
 .text.StopOutputHandler
                0x3000364c       0x18 ./src/ethercat/beckhoff/Src/ecatslv.o
                0x3000364c                StopOutputHandler
 .text.StopInputHandler
                0x30003664      0x104 ./src/ethercat/beckhoff/Src/ecatslv.o
                0x30003664                StopInputHandler
 .text.BackToInitTransition
                0x30003768        0xe ./src/ethercat/beckhoff/Src/ecatslv.o
                0x30003768                BackToInitTransition
 .text.SetALStatus
                0x30003776       0xf6 ./src/ethercat/beckhoff/Src/ecatslv.o
                0x30003776                SetALStatus
 .text.AL_ControlInd
                0x3000386c      0x700 ./src/ethercat/beckhoff/Src/ecatslv.o
                0x3000386c                AL_ControlInd
 .text.AL_ControlRes
                0x30003f6c      0x326 ./src/ethercat/beckhoff/Src/ecatslv.o
                0x30003f6c                AL_ControlRes
 .text.DC_CheckWatchdog
                0x30004292      0x15a ./src/ethercat/beckhoff/Src/ecatslv.o
                0x30004292                DC_CheckWatchdog
 .text.CheckIfEcatError
                0x300043ec       0x96 ./src/ethercat/beckhoff/Src/ecatslv.o
                0x300043ec                CheckIfEcatError
 .text.ECAT_Init
                0x30004482      0x158 ./src/ethercat/beckhoff/Src/ecatslv.o
                0x30004482                ECAT_Init
 .text.ECAT_Main
                0x300045da      0x19a ./src/ethercat/beckhoff/Src/ecatslv.o
                0x300045da                ECAT_Main
 .text.FOE_Read
                0x30004774       0x2e ./src/ethercat/beckhoff/Src/foeappl.o
                0x30004774                FOE_Read
 .text.FOE_Write
                0x300047a2       0x18 ./src/ethercat/beckhoff/Src/foeappl.o
                0x300047a2                FOE_Write
 .text.FOE_Data
                0x300047ba       0x3a ./src/ethercat/beckhoff/Src/foeappl.o
                0x300047ba                FOE_Data
 .text.FOE_Ack  0x300047f4       0x24 ./src/ethercat/beckhoff/Src/foeappl.o
                0x300047f4                FOE_Ack
 .text.FOE_Busy
                0x30004818        0xc ./src/ethercat/beckhoff/Src/foeappl.o
                0x30004818                FOE_Busy
 .text.FOE_Error
                0x30004824       0x12 ./src/ethercat/beckhoff/Src/foeappl.o
                0x30004824                FOE_Error
 .text.PutInMbxQueue
                0x30004836       0x2a ./src/ethercat/beckhoff/Src/mailbox.o
                0x30004836                PutInMbxQueue
 .text.GetOutOfMbxQueue
                0x30004860       0x28 ./src/ethercat/beckhoff/Src/mailbox.o
                0x30004860                GetOutOfMbxQueue
 .text.MBX_Init
                0x30004888       0xd8 ./src/ethercat/beckhoff/Src/mailbox.o
                0x30004888                MBX_Init
 .text.MBX_StartMailboxHandler
                0x30004960       0xd8 ./src/ethercat/beckhoff/Src/mailbox.o
                0x30004960                MBX_StartMailboxHandler
 .text.MBX_StopMailboxHandler
                0x30004a38      0x12e ./src/ethercat/beckhoff/Src/mailbox.o
                0x30004a38                MBX_StopMailboxHandler
 .text.MailboxServiceInd
                0x30004b66       0x3c ./src/ethercat/beckhoff/Src/mailbox.o
                0x30004b66                MailboxServiceInd
 .text.MBX_CopyToSendMailbox
                0x30004ba2      0x13a ./src/ethercat/beckhoff/Src/mailbox.o
                0x30004ba2                MBX_CopyToSendMailbox
 .text.MBX_MailboxReadInd
                0x30004cdc       0xf6 ./src/ethercat/beckhoff/Src/mailbox.o
                0x30004cdc                MBX_MailboxReadInd
 .text.MBX_MailboxRepeatReq
                0x30004dd2       0x7a ./src/ethercat/beckhoff/Src/mailbox.o
                0x30004dd2                MBX_MailboxRepeatReq
 .text.MBX_MailboxSendReq
                0x30004e4c       0xa8 ./src/ethercat/beckhoff/Src/mailbox.o
                0x30004e4c                MBX_MailboxSendReq
 .text.MBX_MailboxWriteInd
                0x30004ef4       0x78 ./src/ethercat/beckhoff/Src/mailbox.o
                0x30004ef4                MBX_MailboxWriteInd
 .text.MBX_CheckAndCopyMailbox
                0x30004f6c      0x12e ./src/ethercat/beckhoff/Src/mailbox.o
                0x30004f6c                MBX_CheckAndCopyMailbox
 .text.MBX_Main
                0x3000509a       0x50 ./src/ethercat/beckhoff/Src/mailbox.o
                0x3000509a                MBX_Main
 .text.OBJ_GetObjectHandle
                0x300050ea       0x16 ./src/ethercat/beckhoff/Src/objdef.o
                0x300050ea                OBJ_GetObjectHandle
 .text.OBJ_GetObjectLength
                0x30005100       0x9a ./src/ethercat/beckhoff/Src/objdef.o
                0x30005100                OBJ_GetObjectLength
 .text.OBJ_CopyNumberToString
                0x3000519a       0x50 ./src/ethercat/beckhoff/Src/objdef.o
                0x3000519a                OBJ_CopyNumberToString
 .text.OBJ_GetDesc
                0x300051ea       0xc4 ./src/ethercat/beckhoff/Src/objdef.o
                0x300051ea                OBJ_GetDesc
 .text.OBJ_GetEntryDesc
                0x300052ae       0x22 ./src/ethercat/beckhoff/Src/objdef.o
                0x300052ae                OBJ_GetEntryDesc
 .text.OBJ_GetNoOfObjects
                0x300052d0       0x6a ./src/ethercat/beckhoff/Src/objdef.o
                0x300052d0                OBJ_GetNoOfObjects
 .text.OBJ_GetObjectList
                0x3000533a       0xcc ./src/ethercat/beckhoff/Src/objdef.o
                0x3000533a                OBJ_GetObjectList
 .text.OBJ_GetObjDesc
                0x30005406        0x4 ./src/ethercat/beckhoff/Src/objdef.o
                0x30005406                OBJ_GetObjDesc
 *fill*         0x3000540a        0x2 
 .text.OBJ_GetEntryOffset
                0x3000540c      0x188 ./src/ethercat/beckhoff/Src/objdef.o
                0x3000540c                OBJ_GetEntryOffset
 .text.CheckSyncTypeValue
                0x30005594      0x15e ./src/ethercat/beckhoff/Src/objdef.o
                0x30005594                CheckSyncTypeValue
 .text.OBJ_Read
                0x300056f2      0x420 ./src/ethercat/beckhoff/Src/objdef.o
                0x300056f2                OBJ_Read
 .text.OBJ_Write
                0x30005b12      0x58e ./src/ethercat/beckhoff/Src/objdef.o
                0x30005b12                OBJ_Write
 .text.SdoUploadSegmentInd
                0x300060a0      0x112 ./src/ethercat/beckhoff/Src/sdoserv.o
 .text.SdoDownloadSegmentInd
                0x300061b2      0x296 ./src/ethercat/beckhoff/Src/sdoserv.o
 .text.SdoRes   0x30006448       0xd8 ./src/ethercat/beckhoff/Src/sdoserv.o
                0x30006448                SdoRes
 .text.SDOS_SdoInd
                0x30006520      0x542 ./src/ethercat/beckhoff/Src/sdoserv.o
                0x30006520                SDOS_SdoInd
 .text.SDOS_SdoRes
                0x30006a62       0xec ./src/ethercat/beckhoff/Src/sdoserv.o
                0x30006a62                SDOS_SdoRes
 .text.SDOS_ClearPendingResponse
                0x30006b4e       0xd2 ./src/ethercat/beckhoff/Src/sdoserv.o
                0x30006b4e                SDOS_ClearPendingResponse
 .text.SDOS_SdoInfoInd
                0x30006c20      0x32e ./src/ethercat/beckhoff/Src/sdoserv.o
                0x30006c20                SDOS_SdoInfoInd
 .text.hal_entry
                0x30006f4e       0x74 ./src/hal_entry.o
                0x30006f4e                hal_entry
 .text.handle_error
                0x30006fc2        0x2 ./src/hal_entry.o
                0x30006fc2                handle_error
 .text.R_BSP_WarmStart
                0x30006fc4       0x1e ./src/hal_entry.o
                0x30006fc4                R_BSP_WarmStart
 .text.main     0x30006fe2        0xa ./rzn_gen/main.o
                0x30006fe2                main
 .text.RM_ETHERCAT_SSC_PORT_VersionGet
                0x30006fec        0xe ./rzn/fsp/src/rm_ethercat_ssc_port/rm_ethercat_ssc_port.o
                0x30006fec                RM_ETHERCAT_SSC_PORT_VersionGet
 .text.ethercat_ssc_port_reg_protection_disable
                0x30006ffa       0x12 ./rzn/fsp/src/rm_ethercat_ssc_port/rm_ethercat_ssc_port.o
 .text.ethercat_ssc_port_reg_protection_enable
                0x3000700c        0x6 ./rzn/fsp/src/rm_ethercat_ssc_port/rm_ethercat_ssc_port.o
 .text.ethercat_ssc_port_loading_eeprom
                0x30007012       0x3c ./rzn/fsp/src/rm_ethercat_ssc_port/rm_ethercat_ssc_port.o
 .text.ethercat_ssc_port_disable_icu
                0x3000704e      0x134 ./rzn/fsp/src/rm_ethercat_ssc_port/rm_ethercat_ssc_port.o
 .text.RM_ETHERCAT_SSC_PORT_Close
                0x30007182       0x44 ./rzn/fsp/src/rm_ethercat_ssc_port/rm_ethercat_ssc_port.o
                0x30007182                RM_ETHERCAT_SSC_PORT_Close
 .text.ethercat_ssc_port_enable_icu
                0x300071c6      0x3c4 ./rzn/fsp/src/rm_ethercat_ssc_port/rm_ethercat_ssc_port.o
 .text.ethercat_ssc_port_isr_esc_cat
                0x3000758a       0x48 ./rzn/fsp/src/rm_ethercat_ssc_port/rm_ethercat_ssc_port.o
                0x3000758a                ethercat_ssc_port_isr_esc_cat
 .text.ethercat_ssc_port_isr_esc_sync0
                0x300075d2       0x48 ./rzn/fsp/src/rm_ethercat_ssc_port/rm_ethercat_ssc_port.o
                0x300075d2                ethercat_ssc_port_isr_esc_sync0
 .text.ethercat_ssc_port_isr_esc_sync1
                0x3000761a       0x48 ./rzn/fsp/src/rm_ethercat_ssc_port/rm_ethercat_ssc_port.o
                0x3000761a                ethercat_ssc_port_isr_esc_sync1
 .text.HW_GetTimer
                0x30007662        0xc ./rzn/fsp/src/rm_ethercat_ssc_port/rm_ethercat_ssc_port.o
                0x30007662                HW_GetTimer
 .text.HW_ClearTimer
                0x3000766e        0xe ./rzn/fsp/src/rm_ethercat_ssc_port/rm_ethercat_ssc_port.o
                0x3000766e                HW_ClearTimer
 .text.HW_IncTimer
                0x3000767c       0x12 ./rzn/fsp/src/rm_ethercat_ssc_port/rm_ethercat_ssc_port.o
                0x3000767c                HW_IncTimer
 .text.rm_ssc_port_timer_interrupt
                0x3000768e        0xe ./rzn/fsp/src/rm_ethercat_ssc_port/rm_ethercat_ssc_port.o
                0x3000768e                rm_ssc_port_timer_interrupt
 .text.HW_Init  0x3000769c       0x1c ./rzn/fsp/src/rm_ethercat_ssc_port/rm_ethercat_ssc_port.o
                0x3000769c                HW_Init
 .text.RM_ETHERCAT_SSC_PORT_Open
                0x300076b8      0x392 ./rzn/fsp/src/rm_ethercat_ssc_port/rm_ethercat_ssc_port.o
                0x300076b8                RM_ETHERCAT_SSC_PORT_Open
 .text.HW_SetLed
                0x30007a4a       0x18 ./rzn/fsp/src/rm_ethercat_ssc_port/rm_ethercat_ssc_port.o
                0x30007a4a                HW_SetLed
 .text.DISABLE_ESC_INT
                0x30007a62       0xbc ./rzn/fsp/src/rm_ethercat_ssc_port/rm_ethercat_ssc_port.o
                0x30007a62                DISABLE_ESC_INT
 .text.ENABLE_ESC_INT
                0x30007b1e       0xd0 ./rzn/fsp/src/rm_ethercat_ssc_port/rm_ethercat_ssc_port.o
                0x30007b1e                ENABLE_ESC_INT
 .text.R_XSPI_QSPI_SpiProtocolSet
                0x30007bee       0x1c ./rzn/fsp/src/r_xspi_qspi/r_xspi_qspi.o
                0x30007bee                R_XSPI_QSPI_SpiProtocolSet
 .text.r_xspi_qspi_direct_transfer
                0x30007c0a       0xa6 ./rzn/fsp/src/r_xspi_qspi/r_xspi_qspi.o
 .text.R_XSPI_QSPI_DirectTransfer
                0x30007cb0        0xa ./rzn/fsp/src/r_xspi_qspi/r_xspi_qspi.o
                0x30007cb0                R_XSPI_QSPI_DirectTransfer
 .text.r_xspi_qspi_status_sub
                0x30007cba       0x78 ./rzn/fsp/src/r_xspi_qspi/r_xspi_qspi.o
 .text.R_XSPI_QSPI_StatusGet
                0x30007d32       0x1e ./rzn/fsp/src/r_xspi_qspi/r_xspi_qspi.o
                0x30007d32                R_XSPI_QSPI_StatusGet
 .text.r_xspi_qspi_write_enable
                0x30007d50       0x28 ./rzn/fsp/src/r_xspi_qspi/r_xspi_qspi.o
 .text.R_XSPI_QSPI_Write
                0x30007d78       0x72 ./rzn/fsp/src/r_xspi_qspi/r_xspi_qspi.o
                0x30007d78                R_XSPI_QSPI_Write
 .text.R_XSPI_QSPI_Erase
                0x30007dea       0x7c ./rzn/fsp/src/r_xspi_qspi/r_xspi_qspi.o
                0x30007dea                R_XSPI_QSPI_Erase
 .text.R_XSPI_QSPI_Open
                0x30007e66      0x1a4 ./rzn/fsp/src/r_xspi_qspi/r_xspi_qspi.o
                0x30007e66                R_XSPI_QSPI_Open
 .text.sci_uart_txi_common
                0x3000800a       0x84 ./rzn/fsp/src/r_sci_uart/r_sci_uart.o
 .text.sci_uart_rxi_common
                0x3000808e       0x66 ./rzn/fsp/src/r_sci_uart/r_sci_uart.o
 .text.sci_uart_txi_isr
                0x300080f4       0x2c ./rzn/fsp/src/r_sci_uart/r_sci_uart.o
                0x300080f4                sci_uart_txi_isr
 .text.sci_uart_rxi_isr
                0x30008120       0x2c ./rzn/fsp/src/r_sci_uart/r_sci_uart.o
                0x30008120                sci_uart_rxi_isr
 .text.sci_uart_tei_isr
                0x3000814c       0x5c ./rzn/fsp/src/r_sci_uart/r_sci_uart.o
                0x3000814c                sci_uart_tei_isr
 .text.sci_uart_eri_isr
                0x300081a8       0x96 ./rzn/fsp/src/r_sci_uart/r_sci_uart.o
                0x300081a8                sci_uart_eri_isr
 .text.R_ETHER_SELECTOR_Close
                0x3000823e        0x8 ./rzn/fsp/src/r_ether_selector/r_ether_selector.o
                0x3000823e                R_ETHER_SELECTOR_Close
 .text.R_ETHER_SELECTOR_VersionGet
                0x30008246        0xa ./rzn/fsp/src/r_ether_selector/r_ether_selector.o
                0x30008246                R_ETHER_SELECTOR_VersionGet
 .text.r_ether_selector_reg_protection_disable
                0x30008250       0x12 ./rzn/fsp/src/r_ether_selector/r_ether_selector.o
 .text.r_ether_selector_reg_protection_enable
                0x30008262        0x6 ./rzn/fsp/src/r_ether_selector/r_ether_selector.o
 .text.R_ETHER_SELECTOR_ConverterSet
                0x30008268       0x72 ./rzn/fsp/src/r_ether_selector/r_ether_selector.o
                0x30008268                R_ETHER_SELECTOR_ConverterSet
 .text.r_ether_selector_state_initialize
                0x300082da       0x70 ./rzn/fsp/src/r_ether_selector/r_ether_selector.o
 .text.R_ETHER_SELECTOR_Open
                0x3000834a      0x13c ./rzn/fsp/src/r_ether_selector/r_ether_selector.o
                0x3000834a                R_ETHER_SELECTOR_Open
 .text.R_ETHER_PHY_Close
                0x30008486       0x1c ./rzn/fsp/src/r_ether_phy/r_ether_phy.o
                0x30008486                R_ETHER_PHY_Close
 .text.R_ETHER_PHY_VersionGet
                0x300084a2        0xe ./rzn/fsp/src/r_ether_phy/r_ether_phy.o
                0x300084a2                R_ETHER_PHY_VersionGet
 .text.ether_phy_get_selector_speed
                0x300084b0       0x1e ./rzn/fsp/src/r_ether_phy/r_ether_phy.o
 .text.ether_phy_get_selector_duplex
                0x300084ce        0xe ./rzn/fsp/src/r_ether_phy/r_ether_phy.o
 .text.ether_phy_read_gmac
                0x300084dc       0x40 ./rzn/fsp/src/r_ether_phy/r_ether_phy.o
 .text.ether_phy_read_ethsw
                0x3000851c       0x52 ./rzn/fsp/src/r_ether_phy/r_ether_phy.o
 .text.ether_phy_read_esc
                0x3000856e       0xa2 ./rzn/fsp/src/r_ether_phy/r_ether_phy.o
 .text.ether_phy_write_gmac
                0x30008610       0x38 ./rzn/fsp/src/r_ether_phy/r_ether_phy.o
 .text.ether_phy_write_ethsw
                0x30008648       0x3c ./rzn/fsp/src/r_ether_phy/r_ether_phy.o
 .text.ether_phy_write_esc
                0x30008684       0x94 ./rzn/fsp/src/r_ether_phy/r_ether_phy.o
 .text.ether_phy_convert_speed_duplex
                0x30008718       0x48 ./rzn/fsp/src/r_ether_phy/r_ether_phy.o
                0x30008718                ether_phy_convert_speed_duplex
 .text.ether_phy_read
                0x30008760       0x2a ./rzn/fsp/src/r_ether_phy/r_ether_phy.o
                0x30008760                ether_phy_read
 .text.ether_phy_get_ability_auto_negotiate_on
                0x3000878a      0x100 ./rzn/fsp/src/r_ether_phy/r_ether_phy.o
 .text.ether_phy_get_ability_auto_negotiate_off
                0x3000888a       0x56 ./rzn/fsp/src/r_ether_phy/r_ether_phy.o
 .text.R_ETHER_PHY_LinkPartnerAbilityGet
                0x300088e0       0x46 ./rzn/fsp/src/r_ether_phy/r_ether_phy.o
                0x300088e0                R_ETHER_PHY_LinkPartnerAbilityGet
 .text.R_ETHER_PHY_LinkStatusGet
                0x30008926       0x32 ./rzn/fsp/src/r_ether_phy/r_ether_phy.o
                0x30008926                R_ETHER_PHY_LinkStatusGet
 .text.ether_phy_write
                0x30008958       0x26 ./rzn/fsp/src/r_ether_phy/r_ether_phy.o
                0x30008958                ether_phy_write
 .text.ether_phy_reset
                0x3000897e      0x224 ./rzn/fsp/src/r_ether_phy/r_ether_phy.o
 .text.ether_phy_targets_initialize_vsc8541
                0x30008ba2       0x26 ./rzn/fsp/src/r_ether_phy/r_ether_phy.o
 .text.ether_phy_targets_initialize_ksz9131
                0x30008bc8       0x66 ./rzn/fsp/src/r_ether_phy/r_ether_phy.o
 .text.ether_phy_targets_initialize_ksz9031
                0x30008c2e       0x8e ./rzn/fsp/src/r_ether_phy/r_ether_phy.o
 .text.ether_phy_targets_initialize_ksz8041
                0x30008cbc       0x1c ./rzn/fsp/src/r_ether_phy/r_ether_phy.o
 .text.ether_phy_targets_initialize
                0x30008cd8       0x3a ./rzn/fsp/src/r_ether_phy/r_ether_phy.o
 .text.ether_phy_set_auto_negotiate_on
                0x30008d12       0xa6 ./rzn/fsp/src/r_ether_phy/r_ether_phy.o
 .text.ether_phy_set_auto_negotiate_off
                0x30008db8       0x4a ./rzn/fsp/src/r_ether_phy/r_ether_phy.o
 .text.R_ETHER_PHY_Open
                0x30008e02       0xa0 ./rzn/fsp/src/r_ether_phy/r_ether_phy.o
                0x30008e02                R_ETHER_PHY_Open
 .text.R_ETHER_PHY_StartAutoNegotiate
                0x30008ea2       0x28 ./rzn/fsp/src/r_ether_phy/r_ether_phy.o
                0x30008ea2                R_ETHER_PHY_StartAutoNegotiate
 .text.R_CMT_Stop
                0x30008eca       0x22 ./rzn/fsp/src/r_cmt/r_cmt.o
                0x30008eca                R_CMT_Stop
 .text.R_CMT_Start
                0x30008eec       0x22 ./rzn/fsp/src/r_cmt/r_cmt.o
                0x30008eec                R_CMT_Start
 .text.R_CMT_Reset
                0x30008f0e       0x1e ./rzn/fsp/src/r_cmt/r_cmt.o
                0x30008f0e                R_CMT_Reset
 .text.R_CMT_Enable
                0x30008f2c        0x4 ./rzn/fsp/src/r_cmt/r_cmt.o
                0x30008f2c                R_CMT_Enable
 .text.R_CMT_Disable
                0x30008f30        0x4 ./rzn/fsp/src/r_cmt/r_cmt.o
                0x30008f30                R_CMT_Disable
 .text.R_CMT_PeriodSet
                0x30008f34       0x38 ./rzn/fsp/src/r_cmt/r_cmt.o
                0x30008f34                R_CMT_PeriodSet
 .text.R_CMT_DutyCycleSet
                0x30008f6c        0x4 ./rzn/fsp/src/r_cmt/r_cmt.o
                0x30008f6c                R_CMT_DutyCycleSet
 .text.R_CMT_StatusGet
                0x30008f70       0x36 ./rzn/fsp/src/r_cmt/r_cmt.o
                0x30008f70                R_CMT_StatusGet
 .text.R_CMT_CallbackSet
                0x30008fa6        0x4 ./rzn/fsp/src/r_cmt/r_cmt.o
                0x30008fa6                R_CMT_CallbackSet
 .text.R_CMT_VersionGet
                0x30008faa        0xa ./rzn/fsp/src/r_cmt/r_cmt.o
                0x30008faa                R_CMT_VersionGet
 .text.cmt_common_open
                0x30008fb4       0x1c ./rzn/fsp/src/r_cmt/r_cmt.o
 .text.cmt_hardware_initialize
                0x30008fd0      0x17e ./rzn/fsp/src/r_cmt/r_cmt.o
 .text.cmt_clock_frequency_get
                0x3000914e       0x42 ./rzn/fsp/src/r_cmt/r_cmt.o
 .text.R_CMT_InfoGet
                0x30009190       0x32 ./rzn/fsp/src/r_cmt/r_cmt.o
                0x30009190                R_CMT_InfoGet
 .text.R_CMT_Open
                0x300091c2      0x124 ./rzn/fsp/src/r_cmt/r_cmt.o
                0x300091c2                R_CMT_Open
 .text.R_CMT_Close
                0x300092e6       0xbe ./rzn/fsp/src/r_cmt/r_cmt.o
                0x300092e6                R_CMT_Close
 .text.cmt_cm_int_isr
                0x300093a4       0xa2 ./rzn/fsp/src/r_cmt/r_cmt.o
                0x300093a4                cmt_cm_int_isr
 .text.bsp_prv_software_delay_loop
                0x30009446        0xa ./rzn/fsp/src/bsp/mcu/all/bsp_delay.o
                0x30009446                bsp_prv_software_delay_loop
 .text.R_BSP_SoftwareDelay
                0x30009450       0xc2 ./rzn/fsp/src/bsp/mcu/all/bsp_delay.o
                0x30009450                R_BSP_SoftwareDelay
 .text.R_BSP_SystemReset
                0x30009512       0x14 ./rzn/fsp/src/bsp/mcu/all/bsp_reset.o
                0x30009512                R_BSP_SystemReset
 .text.R_BSP_ModuleResetEnable
                0x30009526       0x32 ./rzn/fsp/src/bsp/mcu/all/bsp_reset.o
                0x30009526                R_BSP_ModuleResetEnable
 .text.R_BSP_ModuleResetDisable
                0x30009558       0x3c ./rzn/fsp/src/bsp/mcu/all/bsp_reset.o
                0x30009558                R_BSP_ModuleResetDisable
 .text._sbrk    0x30009594       0x5c ./rzn/fsp/src/bsp/mcu/all/bsp_sbrk.o
                0x30009594                _sbrk
 .text          0x300095f0       0x30 c:/program files (x86)/gnu arm embedded toolchain/10 2021.10/bin/../lib/gcc/arm-none-eabi/10.3.1/thumb/v7+fp/hard\libgcc.a(_aeabi_uldivmod.o)
                0x300095f0                __aeabi_uldivmod
 .text          0x30009620      0x114 c:/program files (x86)/gnu arm embedded toolchain/10 2021.10/bin/../lib/gcc/arm-none-eabi/10.3.1/thumb/v7+fp/hard\libgcc.a(_udivmoddi4.o)
                0x30009620                __udivmoddi4
 .text          0x30009734        0x4 c:/program files (x86)/gnu arm embedded toolchain/10 2021.10/bin/../lib/gcc/arm-none-eabi/10.3.1/thumb/v7+fp/hard\libgcc.a(_dvmd_tls.o)
                0x30009734                __aeabi_idiv0
                0x30009734                __aeabi_ldiv0
 .text.__errno  0x30009738        0xc c:/program files (x86)/gnu arm embedded toolchain/10 2021.10/bin/../lib/gcc/arm-none-eabi/10.3.1/../../../../arm-none-eabi/lib/thumb/v7+fp/hard\libg_nano.a(lib_a-errno.o)
                0x30009738                __errno
 .text.malloc   0x30009744       0x10 c:/program files (x86)/gnu arm embedded toolchain/10 2021.10/bin/../lib/gcc/arm-none-eabi/10.3.1/../../../../arm-none-eabi/lib/thumb/v7+fp/hard\libg_nano.a(lib_a-malloc.o)
                0x30009744                malloc
 .text.free     0x30009754       0x10 c:/program files (x86)/gnu arm embedded toolchain/10 2021.10/bin/../lib/gcc/arm-none-eabi/10.3.1/../../../../arm-none-eabi/lib/thumb/v7+fp/hard\libg_nano.a(lib_a-malloc.o)
                0x30009754                free
 .text.memcmp   0x30009764       0x20 c:/program files (x86)/gnu arm embedded toolchain/10 2021.10/bin/../lib/gcc/arm-none-eabi/10.3.1/../../../../arm-none-eabi/lib/thumb/v7+fp/hard\libg_nano.a(lib_a-memcmp.o)
                0x30009764                memcmp
 .text.memcpy   0x30009784       0x1a c:/program files (x86)/gnu arm embedded toolchain/10 2021.10/bin/../lib/gcc/arm-none-eabi/10.3.1/../../../../arm-none-eabi/lib/thumb/v7+fp/hard\libg_nano.a(lib_a-memcpy-stub.o)
                0x30009784                memcpy
 .text.memset   0x3000979e       0x10 c:/program files (x86)/gnu arm embedded toolchain/10 2021.10/bin/../lib/gcc/arm-none-eabi/10.3.1/../../../../arm-none-eabi/lib/thumb/v7+fp/hard\libg_nano.a(lib_a-memset.o)
                0x3000979e                memset
 *fill*         0x300097ae        0x2 
 .text._free_r  0x300097b0       0x98 c:/program files (x86)/gnu arm embedded toolchain/10 2021.10/bin/../lib/gcc/arm-none-eabi/10.3.1/../../../../arm-none-eabi/lib/thumb/v7+fp/hard\libg_nano.a(lib_a-nano-freer.o)
                0x300097b0                _free_r
 .text.sbrk_aligned
                0x30009848       0x40 c:/program files (x86)/gnu arm embedded toolchain/10 2021.10/bin/../lib/gcc/arm-none-eabi/10.3.1/../../../../arm-none-eabi/lib/thumb/v7+fp/hard\libg_nano.a(lib_a-nano-mallocr.o)
 .text._malloc_r
                0x30009888       0xe4 c:/program files (x86)/gnu arm embedded toolchain/10 2021.10/bin/../lib/gcc/arm-none-eabi/10.3.1/../../../../arm-none-eabi/lib/thumb/v7+fp/hard\libg_nano.a(lib_a-nano-mallocr.o)
                0x30009888                _malloc_r
 .text._sbrk_r  0x3000996c       0x20 c:/program files (x86)/gnu arm embedded toolchain/10 2021.10/bin/../lib/gcc/arm-none-eabi/10.3.1/../../../../arm-none-eabi/lib/thumb/v7+fp/hard\libg_nano.a(lib_a-sbrkr.o)
                0x3000996c                _sbrk_r
 .text          0x3000998c       0x10 c:/program files (x86)/gnu arm embedded toolchain/10 2021.10/bin/../lib/gcc/arm-none-eabi/10.3.1/../../../../arm-none-eabi/lib/thumb/v7+fp/hard\libg_nano.a(lib_a-strlen.o)
                0x3000998c                strlen
 .text.__malloc_lock
                0x3000999c        0xc c:/program files (x86)/gnu arm embedded toolchain/10 2021.10/bin/../lib/gcc/arm-none-eabi/10.3.1/../../../../arm-none-eabi/lib/thumb/v7+fp/hard\libg_nano.a(lib_a-mlock.o)
                0x3000999c                __malloc_lock
 .text.__malloc_unlock
                0x300099a8        0xc c:/program files (x86)/gnu arm embedded toolchain/10 2021.10/bin/../lib/gcc/arm-none-eabi/10.3.1/../../../../arm-none-eabi/lib/thumb/v7+fp/hard\libg_nano.a(lib_a-mlock.o)
                0x300099a8                __malloc_unlock
 .text.__retarget_lock_acquire_recursive
                0x300099b4        0x2 c:/program files (x86)/gnu arm embedded toolchain/10 2021.10/bin/../lib/gcc/arm-none-eabi/10.3.1/../../../../arm-none-eabi/lib/thumb/v7+fp/hard\libg_nano.a(lib_a-lock.o)
                0x300099b4                __retarget_lock_acquire_recursive
 .text.__retarget_lock_release_recursive
                0x300099b6        0x2 c:/program files (x86)/gnu arm embedded toolchain/10 2021.10/bin/../lib/gcc/arm-none-eabi/10.3.1/../../../../arm-none-eabi/lib/thumb/v7+fp/hard\libg_nano.a(lib_a-lock.o)
                0x300099b6                __retarget_lock_release_recursive
 .text.__retarget_lock_release_recursive.__stub
                0x300099b8       0x20 linker stubs
 *(.init)
 *(.fini)
 *crtbegin.o(.ctors)
 *crtbegin?.o(.ctors)
 *(EXCLUDE_FILE(*crtend.o *crtend?.o) .ctors)
 *(SORT_BY_NAME(.ctors.*))
 *(.ctors)
                0x300099d8                _ctor_end = .
 *crtbegin.o(.dtors)
 *crtbegin?.o(.dtors)
 *(EXCLUDE_FILE(*crtend.o *crtend?.o) .dtors)
 *(SORT_BY_NAME(.dtors.*))
 *(.dtors)
                0x300099d8                _dtor_end = .
 *(.eh_frame*)

.glue_7         0x300099d8        0x0 load address 0x6010bd84
 .glue_7        0x300099d8        0x0 linker stubs

.glue_7t        0x300099d8        0x0 load address 0x6010bd84
 .glue_7t       0x300099d8        0x0 linker stubs

.vfp11_veneer   0x300099d8        0x0 load address 0x6010bd84
 .vfp11_veneer  0x300099d8        0x0 linker stubs

.v4_bx          0x300099d8        0x0 load address 0x6010bd84
 .v4_bx         0x300099d8        0x0 linker stubs

.iplt           0x300099d8        0x0 load address 0x6010bd84
 .iplt          0x300099d8        0x0 ./src/r_fw_up_rz/r_fw_up_buf.o

.rvectors       0x300099d8        0x0
                0x300099d8                _rvectors_start = .
 *(.rvectors)
                0x300099d8                _rvectors_end = .

.ARM.extab
 *(.ARM.extab* .gnu.linkonce.armextab.*)
                0x300099d8                __exidx_start = .

.ARM.exidx      0x300099d8        0x8 load address 0x6010bd84
 *(.ARM.exidx* .gnu.linkonce.armexidx.*)
 .ARM.exidx     0x300099d8        0x8 c:/program files (x86)/gnu arm embedded toolchain/10 2021.10/bin/../lib/gcc/arm-none-eabi/10.3.1/thumb/v7+fp/hard\libgcc.a(_udivmoddi4.o)
                0x300099e0                __exidx_end = .

.rel.dyn        0x300099e0        0x0 load address 0x6010bd8c
 .rel.iplt      0x300099e0        0x0 ./src/r_fw_up_rz/r_fw_up_buf.o

.got            0x300099e0        0x0
 *(.got)
 *(.got.plt)
                0x300099e0                _text_end = .

.data           0x300099e0     0x1a7c load address 0x6010bd8c
                0x300099e0                _data_start = .
 *(vtable)
 *(.data.*)
 .data.RxPDOMap
                0x300099e0        0x8 ./src/ethercat/renesas/sampleappl.o
                0x300099e0                RxPDOMap
 .data.TxPDOMap
                0x300099e8        0x8 ./src/ethercat/renesas/sampleappl.o
                0x300099e8                TxPDOMap
 .data.sModulardeviceprofile
                0x300099f0        0x6 ./src/ethercat/renesas/sampleappl.o
                0x300099f0                sModulardeviceprofile
 *fill*         0x300099f6        0x2 
 .data.sRxPDOassign
                0x300099f8        0x4 ./src/ethercat/renesas/sampleappl.o
                0x300099f8                sRxPDOassign
 .data.sTxPDOassign
                0x300099fc        0x4 ./src/ethercat/renesas/sampleappl.o
                0x300099fc                sTxPDOassign
 .data.ApplicationObjDic
                0x30009a00      0x168 ./src/ethercat/beckhoff/Src/coeappl.o
                0x30009a00                ApplicationObjDic
 .data.GenObjDic
                0x30009b68      0x1e0 ./src/ethercat/beckhoff/Src/coeappl.o
                0x30009b68                GenObjDic
 .data.acDevicename
                0x30009d48       0x21 ./src/ethercat/beckhoff/Src/coeappl.o
                0x30009d48                acDevicename
 *fill*         0x30009d69        0x3 
 .data.acHardwareversion
                0x30009d6c        0x4 ./src/ethercat/beckhoff/Src/coeappl.o
                0x30009d6c                acHardwareversion
 .data.acSoftwareversion
                0x30009d70        0x4 ./src/ethercat/beckhoff/Src/coeappl.o
                0x30009d70                acSoftwareversion
 .data.sIdentity
                0x30009d74       0x14 ./src/ethercat/beckhoff/Src/coeappl.o
                0x30009d74                sIdentity
 .data.sSyncmanagertype
                0x30009d88        0x6 ./src/ethercat/beckhoff/Src/coeappl.o
                0x30009d88                sSyncmanagertype
 *fill*         0x30009d8e        0x2 
 .data.u32Devicetype
                0x30009d90        0x4 ./src/ethercat/beckhoff/Src/coeappl.o
                0x30009d90                u32Devicetype
 .data.aSubindexDesc
                0x30009d94        0xd ./src/ethercat/beckhoff/Src/objdef.o
                0x30009d94                aSubindexDesc
 *fill*         0x30009da1        0x3 
 .data.sErrorSettings
                0x30009da4        0xc ./src/ethercat/beckhoff/Src/objdef.o
                0x30009da4                sErrorSettings
 .data.gp_ethercat_ssc_port
                0x30009db0        0x4 ./rzn_gen/common_data.o
                0x30009db0                gp_ethercat_ssc_port
 .data.g_qspi0_timing_settings
                0x30009db4        0x3 ./rzn_gen/hal_data.o
 *fill*         0x30009db7        0x1 
 .data._impure_ptr
                0x30009db8        0x4 c:/program files (x86)/gnu arm embedded toolchain/10 2021.10/bin/../lib/gcc/arm-none-eabi/10.3.1/../../../../arm-none-eabi/lib/thumb/v7+fp/hard\libg_nano.a(lib_a-impure.o)
                0x30009db8                _impure_ptr
 .data.impure_data
                0x30009dbc       0x60 c:/program files (x86)/gnu arm embedded toolchain/10 2021.10/bin/../lib/gcc/arm-none-eabi/10.3.1/../../../../arm-none-eabi/lib/thumb/v7+fp/hard\libg_nano.a(lib_a-impure.o)
 *(.data)
 *(.rodata*)
 .rodata.g_sample_dip_sws
                0x30009e1c        0x8 ./src/ethercat/renesas/sampleios.o
                0x30009e1c                g_sample_dip_sws
 .rodata.g_sample_leds
                0x30009e24        0x8 ./src/ethercat/renesas/sampleios.o
                0x30009e24                g_sample_leds
 .rodata.g_sample_prv_dip_sws
                0x30009e2c        0x8 ./src/ethercat/renesas/sampleios.o
 .rodata.g_sample_prv_leds
                0x30009e34        0x8 ./src/ethercat/renesas/sampleios.o
 .rodata.EntryDesc0x6000
                0x30009e3c        0x6 ./src/ethercat/beckhoff/Src/coeappl.o
                0x30009e3c                EntryDesc0x6000
 *fill*         0x30009e42        0x2 
 .rodata.EntryDesc0x7010
                0x30009e44        0x6 ./src/ethercat/beckhoff/Src/coeappl.o
                0x30009e44                EntryDesc0x7010
 *fill*         0x30009e4a        0x2 
 .rodata.aName0x1000
                0x30009e4c        0xc ./src/ethercat/beckhoff/Src/coeappl.o
                0x30009e4c                aName0x1000
 .rodata.aName0x1001
                0x30009e58        0xf ./src/ethercat/beckhoff/Src/coeappl.o
                0x30009e58                aName0x1001
 *fill*         0x30009e67        0x1 
 .rodata.aName0x1008
                0x30009e68        0xc ./src/ethercat/beckhoff/Src/coeappl.o
                0x30009e68                aName0x1008
 .rodata.aName0x1009
                0x30009e74       0x1e ./src/ethercat/beckhoff/Src/coeappl.o
                0x30009e74                aName0x1009
 *fill*         0x30009e92        0x2 
 .rodata.aName0x100A
                0x30009e94       0x1e ./src/ethercat/beckhoff/Src/coeappl.o
                0x30009e94                aName0x100A
 *fill*         0x30009eb2        0x2 
 .rodata.aName0x1018
                0x30009eb4       0x47 ./src/ethercat/beckhoff/Src/coeappl.o
                0x30009eb4                aName0x1018
 *fill*         0x30009efb        0x1 
 .rodata.aName0x10F1
                0x30009efc       0x3f ./src/ethercat/beckhoff/Src/coeappl.o
                0x30009efc                aName0x10F1
 *fill*         0x30009f3b        0x1 
 .rodata.aName0x10F8
                0x30009f3c       0x13 ./src/ethercat/beckhoff/Src/coeappl.o
                0x30009f3c                aName0x10F8
 *fill*         0x30009f4f        0x1 
 .rodata.aName0x1601
                0x30009f50        0xc ./src/ethercat/beckhoff/Src/coeappl.o
                0x30009f50                aName0x1601
 .rodata.aName0x1A00
                0x30009f5c        0xc ./src/ethercat/beckhoff/Src/coeappl.o
                0x30009f5c                aName0x1A00
 .rodata.aName0x1C00
                0x30009f68       0x12 ./src/ethercat/beckhoff/Src/coeappl.o
                0x30009f68                aName0x1C00
 *fill*         0x30009f7a        0x2 
 .rodata.aName0x1C12
                0x30009f7c        0xd ./src/ethercat/beckhoff/Src/coeappl.o
                0x30009f7c                aName0x1C12
 *fill*         0x30009f89        0x3 
 .rodata.aName0x1C13
                0x30009f8c        0xd ./src/ethercat/beckhoff/Src/coeappl.o
                0x30009f8c                aName0x1C13
 *fill*         0x30009f99        0x3 
 .rodata.aName0x1C32
                0x30009f9c      0x108 ./src/ethercat/beckhoff/Src/coeappl.o
                0x30009f9c                aName0x1C32
 .rodata.aName0x1C33
                0x3000a0a4      0x107 ./src/ethercat/beckhoff/Src/coeappl.o
                0x3000a0a4                aName0x1C33
 *fill*         0x3000a1ab        0x1 
 .rodata.aName0x6000
                0x3000a1ac        0xd ./src/ethercat/beckhoff/Src/coeappl.o
                0x3000a1ac                aName0x6000
 *fill*         0x3000a1b9        0x3 
 .rodata.aName0x7010
                0x3000a1bc        0xe ./src/ethercat/beckhoff/Src/coeappl.o
                0x3000a1bc                aName0x7010
 *fill*         0x3000a1ca        0x2 
 .rodata.aName0xF000
                0x3000a1cc       0x42 ./src/ethercat/beckhoff/Src/coeappl.o
                0x3000a1cc                aName0xF000
 *fill*         0x3000a20e        0x2 
 .rodata.aName0xF010
                0x3000a210       0x14 ./src/ethercat/beckhoff/Src/coeappl.o
                0x3000a210                aName0xF010
 .rodata.asEntryDesc0x1018
                0x3000a224       0x1e ./src/ethercat/beckhoff/Src/coeappl.o
                0x3000a224                asEntryDesc0x1018
 *fill*         0x3000a242        0x2 
 .rodata.asEntryDesc0x10F1
                0x3000a244       0x12 ./src/ethercat/beckhoff/Src/coeappl.o
                0x3000a244                asEntryDesc0x10F1
 *fill*         0x3000a256        0x2 
 .rodata.asEntryDesc0x1601
                0x3000a258        0xc ./src/ethercat/beckhoff/Src/coeappl.o
                0x3000a258                asEntryDesc0x1601
 .rodata.asEntryDesc0x1A00
                0x3000a264        0xc ./src/ethercat/beckhoff/Src/coeappl.o
                0x3000a264                asEntryDesc0x1A00
 .rodata.asEntryDesc0x1C00
                0x3000a270        0xc ./src/ethercat/beckhoff/Src/coeappl.o
                0x3000a270                asEntryDesc0x1C00
 .rodata.asEntryDesc0x1C3x
                0x3000a27c       0xc6 ./src/ethercat/beckhoff/Src/coeappl.o
                0x3000a27c                asEntryDesc0x1C3x
 *fill*         0x3000a342        0x2 
 .rodata.asEntryDesc0xF000
                0x3000a344       0x12 ./src/ethercat/beckhoff/Src/coeappl.o
                0x3000a344                asEntryDesc0xF000
 *fill*         0x3000a356        0x2 
 .rodata.asEntryDesc0xF010
                0x3000a358        0xc ./src/ethercat/beckhoff/Src/coeappl.o
                0x3000a358                asEntryDesc0xF010
 .rodata.asPDOAssignEntryDesc
                0x3000a364        0xc ./src/ethercat/beckhoff/Src/coeappl.o
                0x3000a364                asPDOAssignEntryDesc
 .rodata.sEntryDesc0x1000
                0x3000a370        0x6 ./src/ethercat/beckhoff/Src/coeappl.o
                0x3000a370                sEntryDesc0x1000
 *fill*         0x3000a376        0x2 
 .rodata.sEntryDesc0x1001
                0x3000a378        0x6 ./src/ethercat/beckhoff/Src/coeappl.o
                0x3000a378                sEntryDesc0x1001
 *fill*         0x3000a37e        0x2 
 .rodata.sEntryDesc0x1008
                0x3000a380        0x6 ./src/ethercat/beckhoff/Src/coeappl.o
                0x3000a380                sEntryDesc0x1008
 *fill*         0x3000a386        0x2 
 .rodata.sEntryDesc0x1009
                0x3000a388        0x6 ./src/ethercat/beckhoff/Src/coeappl.o
                0x3000a388                sEntryDesc0x1009
 *fill*         0x3000a38e        0x2 
 .rodata.sEntryDesc0x100A
                0x3000a390        0x6 ./src/ethercat/beckhoff/Src/coeappl.o
                0x3000a390                sEntryDesc0x100A
 *fill*         0x3000a396        0x2 
 .rodata.sEntryDesc0x10F8
                0x3000a398        0x6 ./src/ethercat/beckhoff/Src/coeappl.o
                0x3000a398                sEntryDesc0x10F8
 *fill*         0x3000a39e        0x2 
 .rodata.cBitMask
                0x3000a3a0       0x20 ./src/ethercat/beckhoff/Src/objdef.o
                0x3000a3a0                cBitMask
 .rodata.cAbortCode
                0x3000a3c0       0x78 ./src/ethercat/beckhoff/Src/sdoserv.o
                0x3000a3c0                cAbortCode
 .rodata.g_ether_phy0
                0x3000a438        0xc ./rzn_gen/common_data.o
                0x3000a438                g_ether_phy0
 .rodata.g_ether_phy0_cfg
                0x3000a444       0x18 ./rzn_gen/common_data.o
                0x3000a444                g_ether_phy0_cfg
 .rodata.g_ether_phy0_extend
                0x3000a45c       0x10 ./rzn_gen/common_data.o
                0x3000a45c                g_ether_phy0_extend
 .rodata.g_ether_phy1
                0x3000a46c        0xc ./rzn_gen/common_data.o
                0x3000a46c                g_ether_phy1
 .rodata.g_ether_phy1_cfg
                0x3000a478       0x18 ./rzn_gen/common_data.o
                0x3000a478                g_ether_phy1_cfg
 .rodata.g_ether_phy1_extend
                0x3000a490       0x10 ./rzn_gen/common_data.o
                0x3000a490                g_ether_phy1_extend
 .rodata.g_ether_selector0
                0x3000a4a0        0xc ./rzn_gen/common_data.o
                0x3000a4a0                g_ether_selector0
 .rodata.g_ether_selector0_cfg
                0x3000a4ac        0xc ./rzn_gen/common_data.o
                0x3000a4ac                g_ether_selector0_cfg
 .rodata.g_ether_selector1
                0x3000a4b8        0xc ./rzn_gen/common_data.o
                0x3000a4b8                g_ether_selector1
 .rodata.g_ether_selector1_cfg
                0x3000a4c4        0xc ./rzn_gen/common_data.o
                0x3000a4c4                g_ether_selector1_cfg
 .rodata.g_ethercat_ssc_port0
                0x3000a4d0        0xc ./rzn_gen/common_data.o
                0x3000a4d0                g_ethercat_ssc_port0
 .rodata.g_ethercat_ssc_port0_cfg
                0x3000a4dc       0x28 ./rzn_gen/common_data.o
                0x3000a4dc                g_ethercat_ssc_port0_cfg
 .rodata.g_ethercat_ssc_port0_ext_cfg
                0x3000a504       0x10 ./rzn_gen/common_data.o
                0x3000a504                g_ethercat_ssc_port0_ext_cfg
 .rodata.g_ioport
                0x3000a514        0xc ./rzn_gen/common_data.o
                0x3000a514                g_ioport
 .rodata.g_ioport_cfg_extend
                0x3000a520       0x26 ./rzn_gen/common_data.o
                0x3000a520                g_ioport_cfg_extend
 *fill*         0x3000a546        0x2 
 .rodata.g_timer0
                0x3000a548        0xc ./rzn_gen/common_data.o
                0x3000a548                g_timer0
 .rodata.g_timer0_cfg
                0x3000a554       0x20 ./rzn_gen/common_data.o
                0x3000a554                g_timer0_cfg
 .rodata.g_qspi0_cfg
                0x3000a574       0x1c ./rzn_gen/hal_data.o
                0x3000a574                g_qspi0_cfg
 .rodata.g_qspi0_erase_command_list
                0x3000a590       0x20 ./rzn_gen/hal_data.o
 .rodata.g_qspi0_extended_cfg
                0x3000a5b0        0xc ./rzn_gen/hal_data.o
 .rodata.g_bsp_pin_cfg
                0x3000a5bc        0xc ./rzn_gen/pin_data.o
                0x3000a5bc                g_bsp_pin_cfg
 .rodata.g_bsp_pin_cfg_data
                0x3000a5c8      0x320 ./rzn_gen/pin_data.o
                0x3000a5c8                g_bsp_pin_cfg_data
 .rodata.g_vector_table
                0x3000a8e8      0x9c0 ./rzn_gen/vector_data.o
                0x3000a8e8                g_vector_table
 .rodata        0x3000b2a8        0x3 ./rzn/fsp/src/rm_ethercat_ssc_port/rm_ethercat_ssc_port.o
 *fill*         0x3000b2ab        0x1 
 .rodata.g_ethercat_ssc_port_on_ethercat_ssc_port
                0x3000b2ac        0xc ./rzn/fsp/src/rm_ethercat_ssc_port/rm_ethercat_ssc_port.o
                0x3000b2ac                g_ethercat_ssc_port_on_ethercat_ssc_port
 .rodata.g_ioport_on_ioport
                0x3000b2b8       0x38 ./rzn/fsp/src/r_ioport/r_ioport.o
                0x3000b2b8                g_ioport_on_ioport
 .rodata.g_ether_selector_on_ether_selector
                0x3000b2f0       0x10 ./rzn/fsp/src/r_ether_selector/r_ether_selector.o
                0x3000b2f0                g_ether_selector_on_ether_selector
 .rodata.g_ether_phy_on_ether_phy
                0x3000b300       0x18 ./rzn/fsp/src/r_ether_phy/r_ether_phy.o
                0x3000b300                g_ether_phy_on_ether_phy
 .rodata.g_timer_on_cmt
                0x3000b318       0x34 ./rzn/fsp/src/r_cmt/r_cmt.o
                0x3000b318                g_timer_on_cmt
 .rodata.g_bsp_system_clock_select
                0x3000b34c       0x98 ./rzn/fsp/src/bsp/mcu/all/bsp_common.o
                0x3000b34c                g_bsp_system_clock_select
 .rodata.BSP_PRV_GICD_ICFGR_INIT
                0x3000b3e4       0x70 ./rzn/fsp/src/bsp/mcu/all/bsp_irq.o
 .rodata.g_prcr_masks
                0x3000b454        0x8 ./rzn/fsp/src/bsp/mcu/all/bsp_register_protection.o
                0x3000b45c                _erodata = .
                0x3000b45c                . = ALIGN (0x4)
                0x3000b45c                PROVIDE (__preinit_array_start = .)
 *(.preinit_array)
                0x3000b45c                PROVIDE (__preinit_array_end = .)
                0x3000b45c                . = ALIGN (0x4)
                0x3000b45c                PROVIDE (__init_array_start = .)
 *(SORT_BY_NAME(.init_array.*))
 *(.init_array)
                0x3000b45c                PROVIDE (__init_array_end = .)
                0x3000b45c                . = ALIGN (0x4)
                [!provide]                PROVIDE (__fini_array_start = .)
 *(SORT_BY_NAME(.fini_array.*))
 *(.fini_array)
                [!provide]                PROVIDE (__fini_array_end = .)
 *(.jcr*)
                0x3000b45c                . = ALIGN (0x4)
                0x3000b45c                _data_end = .

.igot.plt       0x3000b45c        0x0 load address 0x6010d808
 .igot.plt      0x3000b45c        0x0 ./src/r_fw_up_rz/r_fw_up_buf.o

.bss            0x3000b460      0xd10 load address 0x6010d810
                0x3000b460                . = ALIGN (0x4)
                0x3000b460                __bss_start__ = .
                0x3000b460                _bss = .
 *(.bss*)
 .bss.cnt.0     0x3000b460        0x4 ./src/r_fw_up_rz/r_fw_up_buf.o
 .bss.detect_terminal_flag
                0x3000b464        0x1 ./src/r_fw_up_rz/r_fw_up_buf.o
 .bss.mot_buf.3
                0x3000b465        0x1 ./src/r_fw_up_rz/r_fw_up_buf.o
 *fill*         0x3000b466        0x2 
 .bss.mot_s_buf
                0x3000b468      0x4b0 ./src/r_fw_up_rz/r_fw_up_buf.o
 .bss.mot_s_data_state
                0x3000b918        0x1 ./src/r_fw_up_rz/r_fw_up_buf.o
 *fill*         0x3000b919        0x3 
 .bss.papp_get_mot_s_buf
                0x3000b91c        0x4 ./src/r_fw_up_rz/r_fw_up_buf.o
 .bss.papp_put_mot_s_buf
                0x3000b920        0x4 ./src/r_fw_up_rz/r_fw_up_buf.o
 .bss.papp_write_buf
                0x3000b924        0x4 ./src/r_fw_up_rz/r_fw_up_buf.o
 .bss.pwork_addr.1
                0x3000b928        0x4 ./src/r_fw_up_rz/r_fw_up_buf.o
 .bss.sum_value.2
                0x3000b92c        0x4 ./src/r_fw_up_rz/r_fw_up_buf.o
 .bss.write_buf
                0x3000b930      0x220 ./src/r_fw_up_rz/r_fw_up_buf.o
 .bss.write_current_address
                0x3000bb50        0x4 ./src/r_fw_up_rz/r_fw_up_buf.o
 .bss.is_opened
                0x3000bb54        0x1 ./src/r_fw_up_rz/r_fw_up_rz.o
 *fill*         0x3000bb55        0x3 
 .bss.InputCounter
                0x3000bb58        0x4 ./src/ethercat/renesas/sampleappl.o
                0x3000bb58                InputCounter
 .bss.OutputCounter
                0x3000bb5c        0x4 ./src/ethercat/renesas/sampleappl.o
                0x3000bb5c                OutputCounter
 .bss.sModulelist
                0x3000bb60        0xc ./src/ethercat/renesas/sampleappl.o
                0x3000bb60                sModulelist
 .bss.aFileData
                0x3000bb6c      0x180 ./src/ethercat/renesas/samplefoe.o
                0x3000bb6c                aFileData
 .bss.aFileName
                0x3000bcec       0x10 ./src/ethercat/renesas/samplefoe.o
                0x3000bcec                aFileName
 .bss.nFileWriteOffset
                0x3000bcfc        0x4 ./src/ethercat/renesas/samplefoe.o
                0x3000bcfc                nFileWriteOffset
 .bss.u32FileSize
                0x3000bd00        0x4 ./src/ethercat/renesas/samplefoe.o
                0x3000bd00                u32FileSize
 .bss.Buffer    0x3000bd04       0x10 ./src/ethercat/beckhoff/Src/bootmode.o
                0x3000bd04                Buffer
 .bss.DataStatus
                0x3000bd14        0x1 ./src/ethercat/beckhoff/Src/bootmode.o
 *fill*         0x3000bd15        0x1 
 .bss.EraseSectorFlag
                0x3000bd16        0x2 ./src/ethercat/beckhoff/Src/bootmode.o
 .bss.EraseSectorNumber
                0x3000bd18        0x1 ./src/ethercat/beckhoff/Src/bootmode.o
 *fill*         0x3000bd19        0x3 
 .bss.FlashWriteBuffer
                0x3000bd1c      0x100 ./src/ethercat/beckhoff/Src/bootmode.o
 .bss.bReBoot   0x3000be1c        0x1 ./src/ethercat/beckhoff/Src/bootmode.o
 *fill*         0x3000be1d        0x3 
 .bss.ObjDicList
                0x3000be20        0x4 ./src/ethercat/beckhoff/Src/coeappl.o
                0x3000be20                ObjDicList
 .bss.u16ErrorRegister
                0x3000be24        0x2 ./src/ethercat/beckhoff/Src/coeappl.o
                0x3000be24                u16ErrorRegister
 *fill*         0x3000be26        0x2 
 .bss.u32CheckForDcOverrunCnt
                0x3000be28        0x4 ./src/ethercat/beckhoff/Src/coeappl.o
                0x3000be28                u32CheckForDcOverrunCnt
 .bss.u32LastDc32Value
                0x3000be2c        0x4 ./src/ethercat/beckhoff/Src/coeappl.o
                0x3000be2c                u32LastDc32Value
 .bss.u64Timestamp
                0x3000be30        0x8 ./src/ethercat/beckhoff/Src/coeappl.o
                0x3000be30                u64Timestamp
 .bss.ErrorCounter.0
                0x3000be38        0x2 ./src/ethercat/beckhoff/Src/ecatappl.o
 .bss.RunCounter.2
                0x3000be3a        0x2 ./src/ethercat/beckhoff/Src/ecatappl.o
 .bss.aPdInputData
                0x3000be3c       0x44 ./src/ethercat/beckhoff/Src/ecatappl.o
                0x3000be3c                aPdInputData
 .bss.aPdOutputData
                0x3000be80       0x44 ./src/ethercat/beckhoff/Src/ecatappl.o
                0x3000be80                aPdOutputData
 .bss.bEtherCATErrorLed
                0x3000bec4        0x1 ./src/ethercat/beckhoff/Src/ecatappl.o
                0x3000bec4                bEtherCATErrorLed
 .bss.bEtherCATRunLed
                0x3000bec5        0x1 ./src/ethercat/beckhoff/Src/ecatappl.o
                0x3000bec5                bEtherCATRunLed
 .bss.bInitFinished
                0x3000bec6        0x1 ./src/ethercat/beckhoff/Src/ecatappl.o
                0x3000bec6                bInitFinished
 .bss.bMinCycleTimeMeasurementStarted
                0x3000bec7        0x1 ./src/ethercat/beckhoff/Src/ecatappl.o
                0x3000bec7                bMinCycleTimeMeasurementStarted
 .bss.bRunApplication
                0x3000bec8        0x1 ./src/ethercat/beckhoff/Src/ecatappl.o
                0x3000bec8                bRunApplication
 *fill*         0x3000bec9        0x1 
 .bss.ms.4      0x3000beca        0x2 ./src/ethercat/beckhoff/Src/ecatappl.o
 .bss.pAPPL_CoeReadInd
                0x3000becc        0x4 ./src/ethercat/beckhoff/Src/ecatappl.o
                0x3000becc                pAPPL_CoeReadInd
 .bss.pAPPL_CoeWriteInd
                0x3000bed0        0x4 ./src/ethercat/beckhoff/Src/ecatappl.o
                0x3000bed0                pAPPL_CoeWriteInd
 .bss.pAPPL_FoeError
                0x3000bed4        0x4 ./src/ethercat/beckhoff/Src/ecatappl.o
                0x3000bed4                pAPPL_FoeError
 .bss.pAPPL_FoeRead
                0x3000bed8        0x4 ./src/ethercat/beckhoff/Src/ecatappl.o
                0x3000bed8                pAPPL_FoeRead
 .bss.pAPPL_FoeReadData
                0x3000bedc        0x4 ./src/ethercat/beckhoff/Src/ecatappl.o
                0x3000bedc                pAPPL_FoeReadData
 .bss.pAPPL_FoeWrite
                0x3000bee0        0x4 ./src/ethercat/beckhoff/Src/ecatappl.o
                0x3000bee0                pAPPL_FoeWrite
 .bss.pAPPL_FoeWriteData
                0x3000bee4        0x4 ./src/ethercat/beckhoff/Src/ecatappl.o
                0x3000bee4                pAPPL_FoeWriteData
 .bss.pAPPL_MainLoop
                0x3000bee8        0x4 ./src/ethercat/beckhoff/Src/ecatappl.o
                0x3000bee8                pAPPL_MainLoop
 .bss.u32CycleTimeStartValue
                0x3000beec        0x4 ./src/ethercat/beckhoff/Src/ecatappl.o
                0x3000beec                u32CycleTimeStartValue
 .bss.u32MinCycleTimeStartValue
                0x3000bef0        0x4 ./src/ethercat/beckhoff/Src/ecatappl.o
                0x3000bef0                u32MinCycleTimeStartValue
 .bss.u32MinCycleTimeValue
                0x3000bef4        0x4 ./src/ethercat/beckhoff/Src/ecatappl.o
                0x3000bef4                u32MinCycleTimeValue
 .bss.u32SystemTimeReadFailure
                0x3000bef8        0x4 ./src/ethercat/beckhoff/Src/ecatappl.o
                0x3000bef8                u32SystemTimeReadFailure
 .bss.u8PrevErrorLed.1
                0x3000befc        0x1 ./src/ethercat/beckhoff/Src/ecatappl.o
 .bss.u8PrevRunLed.3
                0x3000befd        0x1 ./src/ethercat/beckhoff/Src/ecatappl.o
 *fill*         0x3000befe        0x2 
 .bss.pCoeSendStored
                0x3000bf00        0x4 ./src/ethercat/beckhoff/Src/ecatcoe.o
                0x3000bf00                pCoeSendStored
 .bss.pFoeSendStored
                0x3000bf04        0x4 ./src/ethercat/beckhoff/Src/ecatfoe.o
                0x3000bf04                pFoeSendStored
 .bss.u16FileAccessState
                0x3000bf08        0x2 ./src/ethercat/beckhoff/Src/ecatfoe.o
                0x3000bf08                u16FileAccessState
 .bss.u16FoeMaxSendBlockSize
                0x3000bf0a        0x2 ./src/ethercat/beckhoff/Src/ecatfoe.o
                0x3000bf0a                u16FoeMaxSendBlockSize
 .bss.u32FileOffset
                0x3000bf0c        0x4 ./src/ethercat/beckhoff/Src/ecatfoe.o
                0x3000bf0c                u32FileOffset
 .bss.u32LastFileOffset
                0x3000bf10        0x4 ./src/ethercat/beckhoff/Src/ecatfoe.o
                0x3000bf10                u32LastFileOffset
 .bss.u32PacketNo
                0x3000bf14        0x4 ./src/ethercat/beckhoff/Src/ecatfoe.o
                0x3000bf14                u32PacketNo
 .bss.EcatWdValue
                0x3000bf18        0x2 ./src/ethercat/beckhoff/Src/ecatslv.o
                0x3000bf18                EcatWdValue
 .bss.EepromLoaded
                0x3000bf1a        0x1 ./src/ethercat/beckhoff/Src/ecatslv.o
                0x3000bf1a                EepromLoaded
 *fill*         0x3000bf1b        0x1 
 .bss.EsmTimeoutCounter
                0x3000bf1c        0x2 ./src/ethercat/beckhoff/Src/ecatslv.o
                0x3000bf1c                EsmTimeoutCounter
 .bss.LatchInputSync0Counter
                0x3000bf1e        0x2 ./src/ethercat/beckhoff/Src/ecatslv.o
                0x3000bf1e                LatchInputSync0Counter
 .bss.LatchInputSync0Value
                0x3000bf20        0x2 ./src/ethercat/beckhoff/Src/ecatslv.o
                0x3000bf20                LatchInputSync0Value
 .bss.SMActivate
                0x3000bf22        0x1 ./src/ethercat/beckhoff/Src/ecatslv.o
                0x3000bf22                SMActivate
 *fill*         0x3000bf23        0x1 
 .bss.Sync0WdCounter
                0x3000bf24        0x2 ./src/ethercat/beckhoff/Src/ecatslv.o
                0x3000bf24                Sync0WdCounter
 .bss.Sync0WdValue
                0x3000bf26        0x2 ./src/ethercat/beckhoff/Src/ecatslv.o
                0x3000bf26                Sync0WdValue
 .bss.Sync1WdCounter
                0x3000bf28        0x2 ./src/ethercat/beckhoff/Src/ecatslv.o
                0x3000bf28                Sync1WdCounter
 .bss.Sync1WdValue
                0x3000bf2a        0x2 ./src/ethercat/beckhoff/Src/ecatslv.o
                0x3000bf2a                Sync1WdValue
 .bss.SyncManInfo
                0x3000bf2c        0x8 ./src/ethercat/beckhoff/Src/ecatslv.o
                0x3000bf2c                SyncManInfo
 .bss.b32BitDc  0x3000bf34        0x1 ./src/ethercat/beckhoff/Src/ecatslv.o
                0x3000bf34                b32BitDc
 .bss.b3BufferMode
                0x3000bf35        0x1 ./src/ethercat/beckhoff/Src/ecatslv.o
                0x3000bf35                b3BufferMode
 .bss.bApplEsmPending
                0x3000bf36        0x1 ./src/ethercat/beckhoff/Src/ecatslv.o
                0x3000bf36                bApplEsmPending
 .bss.bBootMode
                0x3000bf37        0x1 ./src/ethercat/beckhoff/Src/ecatslv.o
                0x3000bf37                bBootMode
 .bss.bDcRunning
                0x3000bf38        0x1 ./src/ethercat/beckhoff/Src/ecatslv.o
                0x3000bf38                bDcRunning
 .bss.bDcSyncActive
                0x3000bf39        0x1 ./src/ethercat/beckhoff/Src/ecatslv.o
                0x3000bf39                bDcSyncActive
 .bss.bEcatFirstOutputsReceived
                0x3000bf3a        0x1 ./src/ethercat/beckhoff/Src/ecatslv.o
                0x3000bf3a                bEcatFirstOutputsReceived
 .bss.bEcatInputUpdateRunning
                0x3000bf3b        0x1 ./src/ethercat/beckhoff/Src/ecatslv.o
                0x3000bf3b                bEcatInputUpdateRunning
 .bss.bEcatOutputUpdateRunning
                0x3000bf3c        0x1 ./src/ethercat/beckhoff/Src/ecatslv.o
                0x3000bf3c                bEcatOutputUpdateRunning
 .bss.bEcatWaitForAlControlRes
                0x3000bf3d        0x1 ./src/ethercat/beckhoff/Src/ecatslv.o
                0x3000bf3d                bEcatWaitForAlControlRes
 .bss.bEscIntEnabled
                0x3000bf3e        0x1 ./src/ethercat/beckhoff/Src/ecatslv.o
                0x3000bf3e                bEscIntEnabled
 .bss.bExplicitDevIdRequested
                0x3000bf3f        0x1 ./src/ethercat/beckhoff/Src/ecatslv.o
                0x3000bf3f                bExplicitDevIdRequested
 .bss.bSmSyncSequenceValid
                0x3000bf40        0x1 ./src/ethercat/beckhoff/Src/ecatslv.o
                0x3000bf40                bSmSyncSequenceValid
 .bss.bWdTrigger
                0x3000bf41        0x1 ./src/ethercat/beckhoff/Src/ecatslv.o
                0x3000bf41                bWdTrigger
 .bss.i16WaitForPllRunningCnt
                0x3000bf42        0x2 ./src/ethercat/beckhoff/Src/ecatslv.o
                0x3000bf42                i16WaitForPllRunningCnt
 .bss.i16WaitForPllRunningTimeout
                0x3000bf44        0x2 ./src/ethercat/beckhoff/Src/ecatslv.o
                0x3000bf44                i16WaitForPllRunningTimeout
 .bss.nAlStatus
                0x3000bf46        0x1 ./src/ethercat/beckhoff/Src/ecatslv.o
                0x3000bf46                nAlStatus
 *fill*         0x3000bf47        0x1 
 .bss.nEcatStateTrans
                0x3000bf48        0x2 ./src/ethercat/beckhoff/Src/ecatslv.o
                0x3000bf48                nEcatStateTrans
 .bss.nEscAddrInputData
                0x3000bf4a        0x2 ./src/ethercat/beckhoff/Src/ecatslv.o
                0x3000bf4a                nEscAddrInputData
 .bss.nEscAddrOutputData
                0x3000bf4c        0x2 ./src/ethercat/beckhoff/Src/ecatslv.o
                0x3000bf4c                nEscAddrOutputData
 .bss.nMaxEscAddress
                0x3000bf4e        0x2 ./src/ethercat/beckhoff/Src/ecatslv.o
                0x3000bf4e                nMaxEscAddress
 .bss.nMaxSyncMan
                0x3000bf50        0x1 ./src/ethercat/beckhoff/Src/ecatslv.o
                0x3000bf50                nMaxSyncMan
 *fill*         0x3000bf51        0x1 
 .bss.nPdInputSize
                0x3000bf52        0x2 ./src/ethercat/beckhoff/Src/ecatslv.o
                0x3000bf52                nPdInputSize
 .bss.nPdOutputSize
                0x3000bf54        0x2 ./src/ethercat/beckhoff/Src/ecatslv.o
                0x3000bf54                nPdOutputSize
 .bss.u16ALEventMask
                0x3000bf56        0x2 ./src/ethercat/beckhoff/Src/ecatslv.o
                0x3000bf56                u16ALEventMask
 .bss.u16IdValue
                0x3000bf58        0x2 ./src/ethercat/beckhoff/Src/ecatslv.o
                0x3000bf58                u16IdValue
 .bss.u16LocalErrorCode
                0x3000bf5a        0x2 ./src/ethercat/beckhoff/Src/ecatslv.o
                0x3000bf5a                u16LocalErrorCode
 .bss.u16SmSync0Counter
                0x3000bf5c        0x2 ./src/ethercat/beckhoff/Src/ecatslv.o
                0x3000bf5c                u16SmSync0Counter
 .bss.u16SmSync0Value
                0x3000bf5e        0x2 ./src/ethercat/beckhoff/Src/ecatslv.o
                0x3000bf5e                u16SmSync0Value
 .bss.u8EcatErrorLed
                0x3000bf60        0x1 ./src/ethercat/beckhoff/Src/ecatslv.o
                0x3000bf60                u8EcatErrorLed
 .bss.u8EcatRunLed
                0x3000bf61        0x1 ./src/ethercat/beckhoff/Src/ecatslv.o
                0x3000bf61                u8EcatRunLed
 .bss.u8LocalErrorState
                0x3000bf62        0x1 ./src/ethercat/beckhoff/Src/ecatslv.o
                0x3000bf62                u8LocalErrorState
 .bss.u8dummy   0x3000bf63        0x1 ./src/ethercat/beckhoff/Src/ecatslv.o
                0x3000bf63                u8dummy
 .bss.bMbxRepeatToggle
                0x3000bf64        0x1 ./src/ethercat/beckhoff/Src/mailbox.o
                0x3000bf64                bMbxRepeatToggle
 .bss.bMbxRunning
                0x3000bf65        0x1 ./src/ethercat/beckhoff/Src/mailbox.o
                0x3000bf65                bMbxRunning
 .bss.bNoMbxMemoryAvailable
                0x3000bf66        0x1 ./src/ethercat/beckhoff/Src/mailbox.o
                0x3000bf66                bNoMbxMemoryAvailable
 .bss.bReceiveMbxIsLocked
                0x3000bf67        0x1 ./src/ethercat/beckhoff/Src/mailbox.o
                0x3000bf67                bReceiveMbxIsLocked
 .bss.bSendMbxIsFull
                0x3000bf68        0x1 ./src/ethercat/beckhoff/Src/mailbox.o
                0x3000bf68                bSendMbxIsFull
 *fill*         0x3000bf69        0x3 
 .bss.psReadMbx
                0x3000bf6c        0x4 ./src/ethercat/beckhoff/Src/mailbox.o
                0x3000bf6c                psReadMbx
 .bss.psRepeatMbx
                0x3000bf70        0x4 ./src/ethercat/beckhoff/Src/mailbox.o
                0x3000bf70                psRepeatMbx
 .bss.psStoreMbx
                0x3000bf74        0x4 ./src/ethercat/beckhoff/Src/mailbox.o
                0x3000bf74                psStoreMbx
 .bss.psWriteMbx
                0x3000bf78        0x4 ./src/ethercat/beckhoff/Src/mailbox.o
                0x3000bf78                psWriteMbx
 .bss.sMbxReceiveQueue
                0x3000bf7c       0x34 ./src/ethercat/beckhoff/Src/mailbox.o
                0x3000bf7c                sMbxReceiveQueue
 .bss.sMbxSendQueue
                0x3000bfb0       0x34 ./src/ethercat/beckhoff/Src/mailbox.o
                0x3000bfb0                sMbxSendQueue
 .bss.u16EscAddrReceiveMbx
                0x3000bfe4        0x2 ./src/ethercat/beckhoff/Src/mailbox.o
                0x3000bfe4                u16EscAddrReceiveMbx
 .bss.u16EscAddrSendMbx
                0x3000bfe6        0x2 ./src/ethercat/beckhoff/Src/mailbox.o
                0x3000bfe6                u16EscAddrSendMbx
 .bss.u16ReceiveMbxSize
                0x3000bfe8        0x2 ./src/ethercat/beckhoff/Src/mailbox.o
                0x3000bfe8                u16ReceiveMbxSize
 .bss.u16SendMbxSize
                0x3000bfea        0x2 ./src/ethercat/beckhoff/Src/mailbox.o
                0x3000bfea                u16SendMbxSize
 .bss.u8MailboxSendReqStored
                0x3000bfec        0x1 ./src/ethercat/beckhoff/Src/mailbox.o
                0x3000bfec                u8MailboxSendReqStored
 .bss.u8MbxReadCounter
                0x3000bfed        0x1 ./src/ethercat/beckhoff/Src/mailbox.o
                0x3000bfed                u8MbxReadCounter
 .bss.u8MbxWriteCounter
                0x3000bfee        0x1 ./src/ethercat/beckhoff/Src/mailbox.o
                0x3000bfee                u8MbxWriteCounter
 .bss.bSyncSetByUser
                0x3000bfef        0x1 ./src/ethercat/beckhoff/Src/objdef.o
                0x3000bfef                bSyncSetByUser
 .bss.sCycleDiag
                0x3000bff0        0x2 ./src/ethercat/beckhoff/Src/objdef.o
                0x3000bff0                sCycleDiag
 *fill*         0x3000bff2        0x2 
 .bss.sSyncManInPar
                0x3000bff4       0x44 ./src/ethercat/beckhoff/Src/objdef.o
                0x3000bff4                sSyncManInPar
 .bss.sSyncManOutPar
                0x3000c038       0x44 ./src/ethercat/beckhoff/Src/objdef.o
                0x3000c038                sSyncManOutPar
 .bss.aSdoInfoHeader